---
source: compiler/eight-tests/tests/compiler_tests.rs
description: compiler test suite for ast
info:
  program: eightc
  args:
    - "--emit-ast"
    - "--terminator=syntax"
    - tests/ast-lower/kitchen_sink.test
input_file: compiler/eight-tests/tests/ast-lower/kitchen_sink.test
snapshot_kind: text
---
success: false
exit_code: 1
----- stdout -----
(
    items: [
        Function((
            span: (
                low: 0,
                high: 40,
            ),
            name: (
                name: "malloc",
                span: (
                    low: 13,
                    high: 19,
                ),
            ),
            parameters: [
                (
                    span: (
                        low: 23,
                        high: 32,
                    ),
                    name: (
                        name: "size",
                        span: (
                            low: 23,
                            high: 27,
                        ),
                    ),
                    ty: Integer32((
                        span: (
                            low: 29,
                            high: 32,
                        ),
                    )),
                ),
            ],
            type_parameters: [
                (
                    span: (
                        low: 20,
                        high: 21,
                    ),
                    name: (
                        name: "T",
                        span: (
                            low: 20,
                            high: 21,
                        ),
                    ),
                ),
            ],
            return_type: Some(Pointer((
                span: (
                    low: 37,
                    high: 39,
                ),
                inner: Named((
                    span: (
                        low: 38,
                        high: 39,
                    ),
                    name: (
                        name: "T",
                        span: (
                            low: 38,
                            high: 39,
                        ),
                    ),
                )),
            ))),
            body: [],
            is_intrinsic: true,
        )),
        Function((
            span: (
                low: 41,
                high: 79,
            ),
            name: (
                name: "free",
                span: (
                    low: 54,
                    high: 58,
                ),
            ),
            parameters: [
                (
                    span: (
                        low: 62,
                        high: 69,
                    ),
                    name: (
                        name: "ptr",
                        span: (
                            low: 62,
                            high: 65,
                        ),
                    ),
                    ty: Pointer((
                        span: (
                            low: 67,
                            high: 69,
                        ),
                        inner: Named((
                            span: (
                                low: 68,
                                high: 69,
                            ),
                            name: (
                                name: "T",
                                span: (
                                    low: 68,
                                    high: 69,
                                ),
                            ),
                        )),
                    )),
                ),
            ],
            type_parameters: [
                (
                    span: (
                        low: 59,
                        high: 60,
                    ),
                    name: (
                        name: "T",
                        span: (
                            low: 59,
                            high: 60,
                        ),
                    ),
                ),
            ],
            return_type: Some(Unit((
                span: (
                    low: 74,
                    high: 78,
                ),
            ))),
            body: [],
            is_intrinsic: true,
        )),
        Struct((
            span: (
                low: 81,
                high: 131,
            ),
            name: (
                name: "Matrix",
                span: (
                    low: 88,
                    high: 94,
                ),
            ),
            members: [
                (
                    span: (
                        low: 99,
                        high: 106,
                    ),
                    name: (
                        name: "r",
                        span: (
                            low: 99,
                            high: 100,
                        ),
                    ),
                    ty: Integer32((
                        span: (
                            low: 102,
                            high: 105,
                        ),
                    )),
                ),
                (
                    span: (
                        low: 109,
                        high: 116,
                    ),
                    name: (
                        name: "c",
                        span: (
                            low: 109,
                            high: 110,
                        ),
                    ),
                    ty: Integer32((
                        span: (
                            low: 112,
                            high: 115,
                        ),
                    )),
                ),
                (
                    span: (
                        low: 119,
                        high: 129,
                    ),
                    name: (
                        name: "buf",
                        span: (
                            low: 119,
                            high: 122,
                        ),
                    ),
                    ty: Pointer((
                        span: (
                            low: 124,
                            high: 128,
                        ),
                        inner: Integer32((
                            span: (
                                low: 125,
                                high: 128,
                            ),
                        )),
                    )),
                ),
            ],
        )),
        Function((
            span: (
                low: 133,
                high: 585,
            ),
            name: (
                name: "matrix_matrix_multiply",
                span: (
                    low: 136,
                    high: 158,
                ),
            ),
            parameters: [
                (
                    span: (
                        low: 159,
                        high: 168,
                    ),
                    name: (
                        name: "a",
                        span: (
                            low: 159,
                            high: 160,
                        ),
                    ),
                    ty: Named((
                        span: (
                            low: 162,
                            high: 168,
                        ),
                        name: (
                            name: "Matrix",
                            span: (
                                low: 162,
                                high: 168,
                            ),
                        ),
                    )),
                ),
                (
                    span: (
                        low: 170,
                        high: 179,
                    ),
                    name: (
                        name: "b",
                        span: (
                            low: 170,
                            high: 171,
                        ),
                    ),
                    ty: Named((
                        span: (
                            low: 173,
                            high: 179,
                        ),
                        name: (
                            name: "Matrix",
                            span: (
                                low: 173,
                                high: 179,
                            ),
                        ),
                    )),
                ),
            ],
            type_parameters: [],
            return_type: Some(Named((
                span: (
                    low: 184,
                    high: 190,
                ),
                name: (
                    name: "Matrix",
                    span: (
                        low: 184,
                        high: 190,
                    ),
                ),
            ))),
            body: [
                If((
                    span: (
                        low: 195,
                        high: 229,
                    ),
                    condition: BinaryOp((
                        span: (
                            low: 199,
                            high: 209,
                        ),
                        lhs: DotIndex((
                            span: (
                                low: 199,
                                high: 202,
                            ),
                            origin: Reference((
                                span: (
                                    low: 199,
                                    high: 200,
                                ),
                                name: (
                                    name: "a",
                                    span: (
                                        low: 199,
                                        high: 200,
                                    ),
                                ),
                            )),
                            index: (
                                name: "r",
                                span: (
                                    low: 201,
                                    high: 202,
                                ),
                            ),
                        )),
                        rhs: DotIndex((
                            span: (
                                low: 206,
                                high: 209,
                            ),
                            origin: Reference((
                                span: (
                                    low: 206,
                                    high: 207,
                                ),
                                name: (
                                    name: "b",
                                    span: (
                                        low: 206,
                                        high: 207,
                                    ),
                                ),
                            )),
                            index: (
                                name: "c",
                                span: (
                                    low: 208,
                                    high: 209,
                                ),
                            ),
                        )),
                        op: Neq,
                        op_span: (
                            low: 203,
                            high: 205,
                        ),
                    )),
                    happy_path: [
                        Expr((
                            span: (
                                low: 217,
                                high: 225,
                            ),
                            expr: Call((
                                span: (
                                    low: 217,
                                    high: 224,
                                ),
                                callee: Reference((
                                    span: (
                                        low: 217,
                                        high: 222,
                                    ),
                                    name: (
                                        name: "panic",
                                        span: (
                                            low: 217,
                                            high: 222,
                                        ),
                                    ),
                                )),
                                arguments: [],
                                type_arguments: [],
                            )),
                        )),
                    ],
                    unhappy_path: None,
                )),
                Let((
                    span: (
                        low: 233,
                        high: 314,
                    ),
                    name: (
                        name: "c",
                        span: (
                            low: 237,
                            high: 238,
                        ),
                    ),
                    ty: None,
                    value: Construct((
                        span: (
                            low: 241,
                            high: 313,
                        ),
                        callee: Named((
                            span: (
                                low: 245,
                                high: 251,
                            ),
                            name: (
                                name: "Matrix",
                                span: (
                                    low: 245,
                                    high: 251,
                                ),
                            ),
                        )),
                        arguments: [
                            (
                                span: (
                                    low: 258,
                                    high: 264,
                                ),
                                field: (
                                    name: "r",
                                    span: (
                                        low: 258,
                                        high: 259,
                                    ),
                                ),
                                expr: DotIndex((
                                    span: (
                                        low: 261,
                                        high: 264,
                                    ),
                                    origin: Reference((
                                        span: (
                                            low: 261,
                                            high: 262,
                                        ),
                                        name: (
                                            name: "a",
                                            span: (
                                                low: 261,
                                                high: 262,
                                            ),
                                        ),
                                    )),
                                    index: (
                                        name: "r",
                                        span: (
                                            low: 263,
                                            high: 264,
                                        ),
                                    ),
                                )),
                            ),
                            (
                                span: (
                                    low: 270,
                                    high: 276,
                                ),
                                field: (
                                    name: "c",
                                    span: (
                                        low: 270,
                                        high: 271,
                                    ),
                                ),
                                expr: DotIndex((
                                    span: (
                                        low: 273,
                                        high: 276,
                                    ),
                                    origin: Reference((
                                        span: (
                                            low: 273,
                                            high: 274,
                                        ),
                                        name: (
                                            name: "b",
                                            span: (
                                                low: 273,
                                                high: 274,
                                            ),
                                        ),
                                    )),
                                    index: (
                                        name: "c",
                                        span: (
                                            low: 275,
                                            high: 276,
                                        ),
                                    ),
                                )),
                            ),
                            (
                                span: (
                                    low: 282,
                                    high: 308,
                                ),
                                field: (
                                    name: "buf",
                                    span: (
                                        low: 282,
                                        high: 285,
                                    ),
                                ),
                                expr: Call((
                                    span: (
                                        low: 287,
                                        high: 308,
                                    ),
                                    callee: Reference((
                                        span: (
                                            low: 287,
                                            high: 293,
                                        ),
                                        name: (
                                            name: "malloc",
                                            span: (
                                                low: 287,
                                                high: 293,
                                            ),
                                        ),
                                    )),
                                    arguments: [
                                        BinaryOp((
                                            span: (
                                                low: 294,
                                                high: 307,
                                            ),
                                            lhs: DotIndex((
                                                span: (
                                                    low: 294,
                                                    high: 297,
                                                ),
                                                origin: Reference((
                                                    span: (
                                                        low: 294,
                                                        high: 295,
                                                    ),
                                                    name: (
                                                        name: "a",
                                                        span: (
                                                            low: 294,
                                                            high: 295,
                                                        ),
                                                    ),
                                                )),
                                                index: (
                                                    name: "r",
                                                    span: (
                                                        low: 296,
                                                        high: 297,
                                                    ),
                                                ),
                                            )),
                                            rhs: BinaryOp((
                                                span: (
                                                    low: 300,
                                                    high: 307,
                                                ),
                                                lhs: DotIndex((
                                                    span: (
                                                        low: 300,
                                                        high: 303,
                                                    ),
                                                    origin: Reference((
                                                        span: (
                                                            low: 300,
                                                            high: 301,
                                                        ),
                                                        name: (
                                                            name: "b",
                                                            span: (
                                                                low: 300,
                                                                high: 301,
                                                            ),
                                                        ),
                                                    )),
                                                    index: (
                                                        name: "c",
                                                        span: (
                                                            low: 302,
                                                            high: 303,
                                                        ),
                                                    ),
                                                )),
                                                rhs: IntegerLiteral((
                                                    span: (
                                                        low: 306,
                                                        high: 307,
                                                    ),
                                                    value: 4,
                                                )),
                                                op: Mul,
                                                op_span: (
                                                    low: 304,
                                                    high: 305,
                                                ),
                                            )),
                                            op: Mul,
                                            op_span: (
                                                low: 298,
                                                high: 299,
                                            ),
                                        )),
                                    ],
                                    type_arguments: [],
                                )),
                            ),
                        ],
                    )),
                )),
                For((
                    span: (
                        low: 318,
                        high: 571,
                    ),
                    initializer: Some((
                        span: (
                            low: 323,
                            high: 332,
                        ),
                        name: (
                            name: "i",
                            span: (
                                low: 327,
                                high: 328,
                            ),
                        ),
                        initializer: IntegerLiteral((
                            span: (
                                low: 331,
                                high: 332,
                            ),
                            value: 0,
                        )),
                    )),
                    condition: Some(BinaryOp((
                        span: (
                            low: 334,
                            high: 341,
                        ),
                        lhs: Reference((
                            span: (
                                low: 334,
                                high: 335,
                            ),
                            name: (
                                name: "i",
                                span: (
                                    low: 334,
                                    high: 335,
                                ),
                            ),
                        )),
                        rhs: DotIndex((
                            span: (
                                low: 338,
                                high: 341,
                            ),
                            origin: Reference((
                                span: (
                                    low: 338,
                                    high: 339,
                                ),
                                name: (
                                    name: "a",
                                    span: (
                                        low: 338,
                                        high: 339,
                                    ),
                                ),
                            )),
                            index: (
                                name: "r",
                                span: (
                                    low: 340,
                                    high: 341,
                                ),
                            ),
                        )),
                        op: Lt,
                        op_span: (
                            low: 336,
                            high: 337,
                        ),
                    ))),
                    increment: Some(Assign((
                        span: (
                            low: 343,
                            high: 352,
                        ),
                        lhs: Reference((
                            span: (
                                low: 343,
                                high: 344,
                            ),
                            name: (
                                name: "i",
                                span: (
                                    low: 343,
                                    high: 344,
                                ),
                            ),
                        )),
                        rhs: BinaryOp((
                            span: (
                                low: 347,
                                high: 352,
                            ),
                            lhs: Reference((
                                span: (
                                    low: 347,
                                    high: 348,
                                ),
                                name: (
                                    name: "i",
                                    span: (
                                        low: 347,
                                        high: 348,
                                    ),
                                ),
                            )),
                            rhs: IntegerLiteral((
                                span: (
                                    low: 351,
                                    high: 352,
                                ),
                                value: 1,
                            )),
                            op: Add,
                            op_span: (
                                low: 349,
                                high: 350,
                            ),
                        )),
                    ))),
                    body: [
                        For((
                            span: (
                                low: 360,
                                high: 567,
                            ),
                            initializer: Some((
                                span: (
                                    low: 365,
                                    high: 374,
                                ),
                                name: (
                                    name: "j",
                                    span: (
                                        low: 369,
                                        high: 370,
                                    ),
                                ),
                                initializer: IntegerLiteral((
                                    span: (
                                        low: 373,
                                        high: 374,
                                    ),
                                    value: 0,
                                )),
                            )),
                            condition: Some(BinaryOp((
                                span: (
                                    low: 376,
                                    high: 383,
                                ),
                                lhs: Reference((
                                    span: (
                                        low: 376,
                                        high: 377,
                                    ),
                                    name: (
                                        name: "j",
                                        span: (
                                            low: 376,
                                            high: 377,
                                        ),
                                    ),
                                )),
                                rhs: DotIndex((
                                    span: (
                                        low: 380,
                                        high: 383,
                                    ),
                                    origin: Reference((
                                        span: (
                                            low: 380,
                                            high: 381,
                                        ),
                                        name: (
                                            name: "b",
                                            span: (
                                                low: 380,
                                                high: 381,
                                            ),
                                        ),
                                    )),
                                    index: (
                                        name: "c",
                                        span: (
                                            low: 382,
                                            high: 383,
                                        ),
                                    ),
                                )),
                                op: Lt,
                                op_span: (
                                    low: 378,
                                    high: 379,
                                ),
                            ))),
                            increment: Some(Assign((
                                span: (
                                    low: 385,
                                    high: 394,
                                ),
                                lhs: Reference((
                                    span: (
                                        low: 385,
                                        high: 386,
                                    ),
                                    name: (
                                        name: "j",
                                        span: (
                                            low: 385,
                                            high: 386,
                                        ),
                                    ),
                                )),
                                rhs: BinaryOp((
                                    span: (
                                        low: 389,
                                        high: 394,
                                    ),
                                    lhs: Reference((
                                        span: (
                                            low: 389,
                                            high: 390,
                                        ),
                                        name: (
                                            name: "j",
                                            span: (
                                                low: 389,
                                                high: 390,
                                            ),
                                        ),
                                    )),
                                    rhs: IntegerLiteral((
                                        span: (
                                            low: 393,
                                            high: 394,
                                        ),
                                        value: 1,
                                    )),
                                    op: Add,
                                    op_span: (
                                        low: 391,
                                        high: 392,
                                    ),
                                )),
                            ))),
                            body: [
                                Let((
                                    span: (
                                        low: 404,
                                        high: 416,
                                    ),
                                    name: (
                                        name: "sum",
                                        span: (
                                            low: 408,
                                            high: 411,
                                        ),
                                    ),
                                    ty: None,
                                    value: IntegerLiteral((
                                        span: (
                                            low: 414,
                                            high: 415,
                                        ),
                                        value: 0,
                                    )),
                                )),
                                For((
                                    span: (
                                        low: 423,
                                        high: 529,
                                    ),
                                    initializer: Some((
                                        span: (
                                            low: 428,
                                            high: 437,
                                        ),
                                        name: (
                                            name: "k",
                                            span: (
                                                low: 432,
                                                high: 433,
                                            ),
                                        ),
                                        initializer: IntegerLiteral((
                                            span: (
                                                low: 436,
                                                high: 437,
                                            ),
                                            value: 0,
                                        )),
                                    )),
                                    condition: Some(BinaryOp((
                                        span: (
                                            low: 439,
                                            high: 446,
                                        ),
                                        lhs: Reference((
                                            span: (
                                                low: 439,
                                                high: 440,
                                            ),
                                            name: (
                                                name: "k",
                                                span: (
                                                    low: 439,
                                                    high: 440,
                                                ),
                                            ),
                                        )),
                                        rhs: DotIndex((
                                            span: (
                                                low: 443,
                                                high: 446,
                                            ),
                                            origin: Reference((
                                                span: (
                                                    low: 443,
                                                    high: 444,
                                                ),
                                                name: (
                                                    name: "a",
                                                    span: (
                                                        low: 443,
                                                        high: 444,
                                                    ),
                                                ),
                                            )),
                                            index: (
                                                name: "c",
                                                span: (
                                                    low: 445,
                                                    high: 446,
                                                ),
                                            ),
                                        )),
                                        op: Lt,
                                        op_span: (
                                            low: 441,
                                            high: 442,
                                        ),
                                    ))),
                                    increment: Some(Assign((
                                        span: (
                                            low: 448,
                                            high: 457,
                                        ),
                                        lhs: Reference((
                                            span: (
                                                low: 448,
                                                high: 449,
                                            ),
                                            name: (
                                                name: "k",
                                                span: (
                                                    low: 448,
                                                    high: 449,
                                                ),
                                            ),
                                        )),
                                        rhs: BinaryOp((
                                            span: (
                                                low: 452,
                                                high: 457,
                                            ),
                                            lhs: Reference((
                                                span: (
                                                    low: 452,
                                                    high: 453,
                                                ),
                                                name: (
                                                    name: "k",
                                                    span: (
                                                        low: 452,
                                                        high: 453,
                                                    ),
                                                ),
                                            )),
                                            rhs: IntegerLiteral((
                                                span: (
                                                    low: 456,
                                                    high: 457,
                                                ),
                                                value: 1,
                                            )),
                                            op: Add,
                                            op_span: (
                                                low: 454,
                                                high: 455,
                                            ),
                                        )),
                                    ))),
                                    body: [
                                        Expr((
                                            span: (
                                                low: 469,
                                                high: 521,
                                            ),
                                            expr: Assign((
                                                span: (
                                                    low: 469,
                                                    high: 520,
                                                ),
                                                lhs: Reference((
                                                    span: (
                                                        low: 469,
                                                        high: 472,
                                                    ),
                                                    name: (
                                                        name: "sum",
                                                        span: (
                                                            low: 469,
                                                            high: 472,
                                                        ),
                                                    ),
                                                )),
                                                rhs: BinaryOp((
                                                    span: (
                                                        low: 475,
                                                        high: 520,
                                                    ),
                                                    lhs: Reference((
                                                        span: (
                                                            low: 475,
                                                            high: 478,
                                                        ),
                                                        name: (
                                                            name: "sum",
                                                            span: (
                                                                low: 475,
                                                                high: 478,
                                                            ),
                                                        ),
                                                    )),
                                                    rhs: BinaryOp((
                                                        span: (
                                                            low: 481,
                                                            high: 520,
                                                        ),
                                                        lhs: BracketIndex((
                                                            span: (
                                                                low: 481,
                                                                high: 499,
                                                            ),
                                                            origin: DotIndex((
                                                                span: (
                                                                    low: 481,
                                                                    high: 486,
                                                                ),
                                                                origin: Reference((
                                                                    span: (
                                                                        low: 481,
                                                                        high: 482,
                                                                    ),
                                                                    name: (
                                                                        name: "a",
                                                                        span: (
                                                                            low: 481,
                                                                            high: 482,
                                                                        ),
                                                                    ),
                                                                )),
                                                                index: (
                                                                    name: "buf",
                                                                    span: (
                                                                        low: 483,
                                                                        high: 486,
                                                                    ),
                                                                ),
                                                            )),
                                                            index: BinaryOp((
                                                                span: (
                                                                    low: 487,
                                                                    high: 498,
                                                                ),
                                                                lhs: BinaryOp((
                                                                    span: (
                                                                        low: 487,
                                                                        high: 494,
                                                                    ),
                                                                    lhs: Reference((
                                                                        span: (
                                                                            low: 487,
                                                                            high: 488,
                                                                        ),
                                                                        name: (
                                                                            name: "i",
                                                                            span: (
                                                                                low: 487,
                                                                                high: 488,
                                                                            ),
                                                                        ),
                                                                    )),
                                                                    rhs: DotIndex((
                                                                        span: (
                                                                            low: 491,
                                                                            high: 494,
                                                                        ),
                                                                        origin: Reference((
                                                                            span: (
                                                                                low: 491,
                                                                                high: 492,
                                                                            ),
                                                                            name: (
                                                                                name: "a",
                                                                                span: (
                                                                                    low: 491,
                                                                                    high: 492,
                                                                                ),
                                                                            ),
                                                                        )),
                                                                        index: (
                                                                            name: "c",
                                                                            span: (
                                                                                low: 493,
                                                                                high: 494,
                                                                            ),
                                                                        ),
                                                                    )),
                                                                    op: Mul,
                                                                    op_span: (
                                                                        low: 489,
                                                                        high: 490,
                                                                    ),
                                                                )),
                                                                rhs: Reference((
                                                                    span: (
                                                                        low: 497,
                                                                        high: 498,
                                                                    ),
                                                                    name: (
                                                                        name: "k",
                                                                        span: (
                                                                            low: 497,
                                                                            high: 498,
                                                                        ),
                                                                    ),
                                                                )),
                                                                op: Add,
                                                                op_span: (
                                                                    low: 495,
                                                                    high: 496,
                                                                ),
                                                            )),
                                                        )),
                                                        rhs: BracketIndex((
                                                            span: (
                                                                low: 502,
                                                                high: 520,
                                                            ),
                                                            origin: DotIndex((
                                                                span: (
                                                                    low: 502,
                                                                    high: 507,
                                                                ),
                                                                origin: Reference((
                                                                    span: (
                                                                        low: 502,
                                                                        high: 503,
                                                                    ),
                                                                    name: (
                                                                        name: "b",
                                                                        span: (
                                                                            low: 502,
                                                                            high: 503,
                                                                        ),
                                                                    ),
                                                                )),
                                                                index: (
                                                                    name: "buf",
                                                                    span: (
                                                                        low: 504,
                                                                        high: 507,
                                                                    ),
                                                                ),
                                                            )),
                                                            index: BinaryOp((
                                                                span: (
                                                                    low: 508,
                                                                    high: 519,
                                                                ),
                                                                lhs: BinaryOp((
                                                                    span: (
                                                                        low: 508,
                                                                        high: 515,
                                                                    ),
                                                                    lhs: Reference((
                                                                        span: (
                                                                            low: 508,
                                                                            high: 509,
                                                                        ),
                                                                        name: (
                                                                            name: "k",
                                                                            span: (
                                                                                low: 508,
                                                                                high: 509,
                                                                            ),
                                                                        ),
                                                                    )),
                                                                    rhs: DotIndex((
                                                                        span: (
                                                                            low: 512,
                                                                            high: 515,
                                                                        ),
                                                                        origin: Reference((
                                                                            span: (
                                                                                low: 512,
                                                                                high: 513,
                                                                            ),
                                                                            name: (
                                                                                name: "b",
                                                                                span: (
                                                                                    low: 512,
                                                                                    high: 513,
                                                                                ),
                                                                            ),
                                                                        )),
                                                                        index: (
                                                                            name: "c",
                                                                            span: (
                                                                                low: 514,
                                                                                high: 515,
                                                                            ),
                                                                        ),
                                                                    )),
                                                                    op: Mul,
                                                                    op_span: (
                                                                        low: 510,
                                                                        high: 511,
                                                                    ),
                                                                )),
                                                                rhs: Reference((
                                                                    span: (
                                                                        low: 518,
                                                                        high: 519,
                                                                    ),
                                                                    name: (
                                                                        name: "j",
                                                                        span: (
                                                                            low: 518,
                                                                            high: 519,
                                                                        ),
                                                                    ),
                                                                )),
                                                                op: Add,
                                                                op_span: (
                                                                    low: 516,
                                                                    high: 517,
                                                                ),
                                                            )),
                                                        )),
                                                        op: Mul,
                                                        op_span: (
                                                            low: 500,
                                                            high: 501,
                                                        ),
                                                    )),
                                                    op: Add,
                                                    op_span: (
                                                        low: 479,
                                                        high: 480,
                                                    ),
                                                )),
                                            )),
                                        )),
                                    ],
                                )),
                                Expr((
                                    span: (
                                        low: 536,
                                        high: 561,
                                    ),
                                    expr: Assign((
                                        span: (
                                            low: 536,
                                            high: 560,
                                        ),
                                        lhs: BracketIndex((
                                            span: (
                                                low: 536,
                                                high: 554,
                                            ),
                                            origin: DotIndex((
                                                span: (
                                                    low: 536,
                                                    high: 541,
                                                ),
                                                origin: Reference((
                                                    span: (
                                                        low: 536,
                                                        high: 537,
                                                    ),
                                                    name: (
                                                        name: "c",
                                                        span: (
                                                            low: 536,
                                                            high: 537,
                                                        ),
                                                    ),
                                                )),
                                                index: (
                                                    name: "buf",
                                                    span: (
                                                        low: 538,
                                                        high: 541,
                                                    ),
                                                ),
                                            )),
                                            index: BinaryOp((
                                                span: (
                                                    low: 542,
                                                    high: 553,
                                                ),
                                                lhs: BinaryOp((
                                                    span: (
                                                        low: 542,
                                                        high: 549,
                                                    ),
                                                    lhs: Reference((
                                                        span: (
                                                            low: 542,
                                                            high: 543,
                                                        ),
                                                        name: (
                                                            name: "i",
                                                            span: (
                                                                low: 542,
                                                                high: 543,
                                                            ),
                                                        ),
                                                    )),
                                                    rhs: DotIndex((
                                                        span: (
                                                            low: 546,
                                                            high: 549,
                                                        ),
                                                        origin: Reference((
                                                            span: (
                                                                low: 546,
                                                                high: 547,
                                                            ),
                                                            name: (
                                                                name: "b",
                                                                span: (
                                                                    low: 546,
                                                                    high: 547,
                                                                ),
                                                            ),
                                                        )),
                                                        index: (
                                                            name: "c",
                                                            span: (
                                                                low: 548,
                                                                high: 549,
                                                            ),
                                                        ),
                                                    )),
                                                    op: Mul,
                                                    op_span: (
                                                        low: 544,
                                                        high: 545,
                                                    ),
                                                )),
                                                rhs: Reference((
                                                    span: (
                                                        low: 552,
                                                        high: 553,
                                                    ),
                                                    name: (
                                                        name: "j",
                                                        span: (
                                                            low: 552,
                                                            high: 553,
                                                        ),
                                                    ),
                                                )),
                                                op: Add,
                                                op_span: (
                                                    low: 550,
                                                    high: 551,
                                                ),
                                            )),
                                        )),
                                        rhs: Reference((
                                            span: (
                                                low: 557,
                                                high: 560,
                                            ),
                                            name: (
                                                name: "sum",
                                                span: (
                                                    low: 557,
                                                    high: 560,
                                                ),
                                            ),
                                        )),
                                    )),
                                )),
                            ],
                        )),
                    ],
                )),
                Return((
                    span: (
                        low: 574,
                        high: 583,
                    ),
                    value: Some(Reference((
                        span: (
                            low: 581,
                            high: 582,
                        ),
                        name: (
                            name: "c",
                            span: (
                                low: 581,
                                high: 582,
                            ),
                        ),
                    ))),
                )),
            ],
            is_intrinsic: false,
        )),
    ],
)

----- stderr -----
eightc: early termination due to: --terminator=syntax
