Error: sema::duplicate_let_binding_in_scope

  × binding zoo has already been declared in this scope
   ╭─[duplicate-let-binding-in-same-scope.eight:4:3]
 3 │ fn foo() {
 4 │   let zoo = 0;
   ·   ──────┬─────
   ·         ╰── previously declared here
 5 │   let zoo = 1;
   ·   ──────┬─────
   ·         ╰── the binding zoo shadows an existing binding with the same name
 6 │ }
   ╰────
  help: give this binding a different name
