(
    items: [
        Function((
            span: (
                low: 79,
                high: 160,
            ),
            name: (
                name: "loop_transform",
                span: (
                    low: 82,
                    high: 96,
                ),
            ),
            parameters: [],
            type_parameters: [],
            return_type: None,
            body: [
                For((
                    span: (
                        low: 103,
                        high: 158,
                    ),
                    initializer: Some((
                        span: (
                            low: 108,
                            high: 117,
                        ),
                        name: (
                            name: "i",
                            span: (
                                low: 112,
                                high: 113,
                            ),
                        ),
                        initializer: IntegerLiteral((
                            span: (
                                low: 116,
                                high: 117,
                            ),
                            value: 0,
                        )),
                    )),
                    condition: Some(BinaryOp((
                        span: (
                            low: 119,
                            high: 125,
                        ),
                        lhs: Reference((
                            span: (
                                low: 119,
                                high: 120,
                            ),
                            name: (
                                name: "i",
                                span: (
                                    low: 119,
                                    high: 120,
                                ),
                            ),
                        )),
                        rhs: IntegerLiteral((
                            span: (
                                low: 123,
                                high: 125,
                            ),
                            value: 10,
                        )),
                        op: Lt,
                        op_span: (
                            low: 121,
                            high: 122,
                        ),
                    ))),
                    increment: Some(Assign((
                        span: (
                            low: 127,
                            high: 136,
                        ),
                        lhs: Reference((
                            span: (
                                low: 127,
                                high: 128,
                            ),
                            name: (
                                name: "i",
                                span: (
                                    low: 127,
                                    high: 128,
                                ),
                            ),
                        )),
                        rhs: BinaryOp((
                            span: (
                                low: 131,
                                high: 136,
                            ),
                            lhs: Reference((
                                span: (
                                    low: 131,
                                    high: 132,
                                ),
                                name: (
                                    name: "i",
                                    span: (
                                        low: 131,
                                        high: 132,
                                    ),
                                ),
                            )),
                            rhs: IntegerLiteral((
                                span: (
                                    low: 135,
                                    high: 136,
                                ),
                                value: 1,
                            )),
                            op: Add,
                            op_span: (
                                low: 133,
                                high: 134,
                            ),
                        )),
                    ))),
                    body: [
                        Let((
                            span: (
                                low: 144,
                                high: 154,
                            ),
                            name: (
                                name: "x",
                                span: (
                                    low: 148,
                                    high: 149,
                                ),
                            ),
                            ty: None,
                            value: Reference((
                                span: (
                                    low: 152,
                                    high: 153,
                                ),
                                name: (
                                    name: "i",
                                    span: (
                                        low: 152,
                                        high: 153,
                                    ),
                                ),
                            )),
                        )),
                    ],
                )),
            ],
            is_intrinsic: false,
        )),
    ],
)
eightc: early termination due to: --terminator=syntax
