(
    items: [
        Function((
            span: (
                low: 79,
                high: 119,
            ),
            name: (
                name: "malloc",
                span: (
                    low: 92,
                    high: 98,
                ),
            ),
            parameters: [
                (
                    span: (
                        low: 102,
                        high: 111,
                    ),
                    name: (
                        name: "size",
                        span: (
                            low: 102,
                            high: 106,
                        ),
                    ),
                    ty: Integer32((
                        span: (
                            low: 108,
                            high: 111,
                        ),
                    )),
                ),
            ],
            type_parameters: [
                (
                    span: (
                        low: 99,
                        high: 100,
                    ),
                    name: (
                        name: "T",
                        span: (
                            low: 99,
                            high: 100,
                        ),
                    ),
                ),
            ],
            return_type: Some(Pointer((
                span: (
                    low: 116,
                    high: 118,
                ),
                inner: Named((
                    span: (
                        low: 117,
                        high: 118,
                    ),
                    name: (
                        name: "T",
                        span: (
                            low: 117,
                            high: 118,
                        ),
                    ),
                )),
            ))),
            body: [],
            is_intrinsic: true,
        )),
        Function((
            span: (
                low: 120,
                high: 158,
            ),
            name: (
                name: "free",
                span: (
                    low: 133,
                    high: 137,
                ),
            ),
            parameters: [
                (
                    span: (
                        low: 141,
                        high: 148,
                    ),
                    name: (
                        name: "ptr",
                        span: (
                            low: 141,
                            high: 144,
                        ),
                    ),
                    ty: Pointer((
                        span: (
                            low: 146,
                            high: 148,
                        ),
                        inner: Named((
                            span: (
                                low: 147,
                                high: 148,
                            ),
                            name: (
                                name: "T",
                                span: (
                                    low: 147,
                                    high: 148,
                                ),
                            ),
                        )),
                    )),
                ),
            ],
            type_parameters: [
                (
                    span: (
                        low: 138,
                        high: 139,
                    ),
                    name: (
                        name: "T",
                        span: (
                            low: 138,
                            high: 139,
                        ),
                    ),
                ),
            ],
            return_type: Some(Unit((
                span: (
                    low: 153,
                    high: 157,
                ),
            ))),
            body: [],
            is_intrinsic: true,
        )),
        Struct((
            span: (
                low: 160,
                high: 210,
            ),
            name: (
                name: "Matrix",
                span: (
                    low: 167,
                    high: 173,
                ),
            ),
            members: [
                (
                    span: (
                        low: 178,
                        high: 185,
                    ),
                    name: (
                        name: "r",
                        span: (
                            low: 178,
                            high: 179,
                        ),
                    ),
                    ty: Integer32((
                        span: (
                            low: 181,
                            high: 184,
                        ),
                    )),
                ),
                (
                    span: (
                        low: 188,
                        high: 195,
                    ),
                    name: (
                        name: "c",
                        span: (
                            low: 188,
                            high: 189,
                        ),
                    ),
                    ty: Integer32((
                        span: (
                            low: 191,
                            high: 194,
                        ),
                    )),
                ),
                (
                    span: (
                        low: 198,
                        high: 208,
                    ),
                    name: (
                        name: "buf",
                        span: (
                            low: 198,
                            high: 201,
                        ),
                    ),
                    ty: Pointer((
                        span: (
                            low: 203,
                            high: 207,
                        ),
                        inner: Integer32((
                            span: (
                                low: 204,
                                high: 207,
                            ),
                        )),
                    )),
                ),
            ],
        )),
        Function((
            span: (
                low: 212,
                high: 664,
            ),
            name: (
                name: "matrix_matrix_multiply",
                span: (
                    low: 215,
                    high: 237,
                ),
            ),
            parameters: [
                (
                    span: (
                        low: 238,
                        high: 247,
                    ),
                    name: (
                        name: "a",
                        span: (
                            low: 238,
                            high: 239,
                        ),
                    ),
                    ty: Named((
                        span: (
                            low: 241,
                            high: 247,
                        ),
                        name: (
                            name: "Matrix",
                            span: (
                                low: 241,
                                high: 247,
                            ),
                        ),
                    )),
                ),
                (
                    span: (
                        low: 249,
                        high: 258,
                    ),
                    name: (
                        name: "b",
                        span: (
                            low: 249,
                            high: 250,
                        ),
                    ),
                    ty: Named((
                        span: (
                            low: 252,
                            high: 258,
                        ),
                        name: (
                            name: "Matrix",
                            span: (
                                low: 252,
                                high: 258,
                            ),
                        ),
                    )),
                ),
            ],
            type_parameters: [],
            return_type: Some(Named((
                span: (
                    low: 263,
                    high: 269,
                ),
                name: (
                    name: "Matrix",
                    span: (
                        low: 263,
                        high: 269,
                    ),
                ),
            ))),
            body: [
                If((
                    span: (
                        low: 274,
                        high: 308,
                    ),
                    condition: BinaryOp((
                        span: (
                            low: 278,
                            high: 288,
                        ),
                        lhs: DotIndex((
                            span: (
                                low: 278,
                                high: 281,
                            ),
                            origin: Reference((
                                span: (
                                    low: 278,
                                    high: 279,
                                ),
                                name: (
                                    name: "a",
                                    span: (
                                        low: 278,
                                        high: 279,
                                    ),
                                ),
                            )),
                            index: (
                                name: "r",
                                span: (
                                    low: 280,
                                    high: 281,
                                ),
                            ),
                        )),
                        rhs: DotIndex((
                            span: (
                                low: 285,
                                high: 288,
                            ),
                            origin: Reference((
                                span: (
                                    low: 285,
                                    high: 286,
                                ),
                                name: (
                                    name: "b",
                                    span: (
                                        low: 285,
                                        high: 286,
                                    ),
                                ),
                            )),
                            index: (
                                name: "c",
                                span: (
                                    low: 287,
                                    high: 288,
                                ),
                            ),
                        )),
                        op: Neq,
                        op_span: (
                            low: 282,
                            high: 284,
                        ),
                    )),
                    happy_path: [
                        Expr((
                            span: (
                                low: 296,
                                high: 304,
                            ),
                            expr: Call((
                                span: (
                                    low: 296,
                                    high: 303,
                                ),
                                callee: Reference((
                                    span: (
                                        low: 296,
                                        high: 301,
                                    ),
                                    name: (
                                        name: "panic",
                                        span: (
                                            low: 296,
                                            high: 301,
                                        ),
                                    ),
                                )),
                                arguments: [],
                                type_arguments: [],
                            )),
                        )),
                    ],
                    unhappy_path: None,
                )),
                Let((
                    span: (
                        low: 312,
                        high: 393,
                    ),
                    name: (
                        name: "c",
                        span: (
                            low: 316,
                            high: 317,
                        ),
                    ),
                    ty: None,
                    value: Construct((
                        span: (
                            low: 320,
                            high: 392,
                        ),
                        callee: Named((
                            span: (
                                low: 324,
                                high: 330,
                            ),
                            name: (
                                name: "Matrix",
                                span: (
                                    low: 324,
                                    high: 330,
                                ),
                            ),
                        )),
                        arguments: [
                            (
                                span: (
                                    low: 337,
                                    high: 343,
                                ),
                                field: (
                                    name: "r",
                                    span: (
                                        low: 337,
                                        high: 338,
                                    ),
                                ),
                                expr: DotIndex((
                                    span: (
                                        low: 340,
                                        high: 343,
                                    ),
                                    origin: Reference((
                                        span: (
                                            low: 340,
                                            high: 341,
                                        ),
                                        name: (
                                            name: "a",
                                            span: (
                                                low: 340,
                                                high: 341,
                                            ),
                                        ),
                                    )),
                                    index: (
                                        name: "r",
                                        span: (
                                            low: 342,
                                            high: 343,
                                        ),
                                    ),
                                )),
                            ),
                            (
                                span: (
                                    low: 349,
                                    high: 355,
                                ),
                                field: (
                                    name: "c",
                                    span: (
                                        low: 349,
                                        high: 350,
                                    ),
                                ),
                                expr: DotIndex((
                                    span: (
                                        low: 352,
                                        high: 355,
                                    ),
                                    origin: Reference((
                                        span: (
                                            low: 352,
                                            high: 353,
                                        ),
                                        name: (
                                            name: "b",
                                            span: (
                                                low: 352,
                                                high: 353,
                                            ),
                                        ),
                                    )),
                                    index: (
                                        name: "c",
                                        span: (
                                            low: 354,
                                            high: 355,
                                        ),
                                    ),
                                )),
                            ),
                            (
                                span: (
                                    low: 361,
                                    high: 387,
                                ),
                                field: (
                                    name: "buf",
                                    span: (
                                        low: 361,
                                        high: 364,
                                    ),
                                ),
                                expr: Call((
                                    span: (
                                        low: 366,
                                        high: 387,
                                    ),
                                    callee: Reference((
                                        span: (
                                            low: 366,
                                            high: 372,
                                        ),
                                        name: (
                                            name: "malloc",
                                            span: (
                                                low: 366,
                                                high: 372,
                                            ),
                                        ),
                                    )),
                                    arguments: [
                                        BinaryOp((
                                            span: (
                                                low: 373,
                                                high: 386,
                                            ),
                                            lhs: DotIndex((
                                                span: (
                                                    low: 373,
                                                    high: 376,
                                                ),
                                                origin: Reference((
                                                    span: (
                                                        low: 373,
                                                        high: 374,
                                                    ),
                                                    name: (
                                                        name: "a",
                                                        span: (
                                                            low: 373,
                                                            high: 374,
                                                        ),
                                                    ),
                                                )),
                                                index: (
                                                    name: "r",
                                                    span: (
                                                        low: 375,
                                                        high: 376,
                                                    ),
                                                ),
                                            )),
                                            rhs: BinaryOp((
                                                span: (
                                                    low: 379,
                                                    high: 386,
                                                ),
                                                lhs: DotIndex((
                                                    span: (
                                                        low: 379,
                                                        high: 382,
                                                    ),
                                                    origin: Reference((
                                                        span: (
                                                            low: 379,
                                                            high: 380,
                                                        ),
                                                        name: (
                                                            name: "b",
                                                            span: (
                                                                low: 379,
                                                                high: 380,
                                                            ),
                                                        ),
                                                    )),
                                                    index: (
                                                        name: "c",
                                                        span: (
                                                            low: 381,
                                                            high: 382,
                                                        ),
                                                    ),
                                                )),
                                                rhs: IntegerLiteral((
                                                    span: (
                                                        low: 385,
                                                        high: 386,
                                                    ),
                                                    value: 4,
                                                )),
                                                op: Mul,
                                                op_span: (
                                                    low: 383,
                                                    high: 384,
                                                ),
                                            )),
                                            op: Mul,
                                            op_span: (
                                                low: 377,
                                                high: 378,
                                            ),
                                        )),
                                    ],
                                    type_arguments: [],
                                )),
                            ),
                        ],
                    )),
                )),
                For((
                    span: (
                        low: 397,
                        high: 650,
                    ),
                    initializer: Some((
                        span: (
                            low: 402,
                            high: 411,
                        ),
                        name: (
                            name: "i",
                            span: (
                                low: 406,
                                high: 407,
                            ),
                        ),
                        initializer: IntegerLiteral((
                            span: (
                                low: 410,
                                high: 411,
                            ),
                            value: 0,
                        )),
                    )),
                    condition: Some(BinaryOp((
                        span: (
                            low: 413,
                            high: 420,
                        ),
                        lhs: Reference((
                            span: (
                                low: 413,
                                high: 414,
                            ),
                            name: (
                                name: "i",
                                span: (
                                    low: 413,
                                    high: 414,
                                ),
                            ),
                        )),
                        rhs: DotIndex((
                            span: (
                                low: 417,
                                high: 420,
                            ),
                            origin: Reference((
                                span: (
                                    low: 417,
                                    high: 418,
                                ),
                                name: (
                                    name: "a",
                                    span: (
                                        low: 417,
                                        high: 418,
                                    ),
                                ),
                            )),
                            index: (
                                name: "r",
                                span: (
                                    low: 419,
                                    high: 420,
                                ),
                            ),
                        )),
                        op: Lt,
                        op_span: (
                            low: 415,
                            high: 416,
                        ),
                    ))),
                    increment: Some(Assign((
                        span: (
                            low: 422,
                            high: 431,
                        ),
                        lhs: Reference((
                            span: (
                                low: 422,
                                high: 423,
                            ),
                            name: (
                                name: "i",
                                span: (
                                    low: 422,
                                    high: 423,
                                ),
                            ),
                        )),
                        rhs: BinaryOp((
                            span: (
                                low: 426,
                                high: 431,
                            ),
                            lhs: Reference((
                                span: (
                                    low: 426,
                                    high: 427,
                                ),
                                name: (
                                    name: "i",
                                    span: (
                                        low: 426,
                                        high: 427,
                                    ),
                                ),
                            )),
                            rhs: IntegerLiteral((
                                span: (
                                    low: 430,
                                    high: 431,
                                ),
                                value: 1,
                            )),
                            op: Add,
                            op_span: (
                                low: 428,
                                high: 429,
                            ),
                        )),
                    ))),
                    body: [
                        For((
                            span: (
                                low: 439,
                                high: 646,
                            ),
                            initializer: Some((
                                span: (
                                    low: 444,
                                    high: 453,
                                ),
                                name: (
                                    name: "j",
                                    span: (
                                        low: 448,
                                        high: 449,
                                    ),
                                ),
                                initializer: IntegerLiteral((
                                    span: (
                                        low: 452,
                                        high: 453,
                                    ),
                                    value: 0,
                                )),
                            )),
                            condition: Some(BinaryOp((
                                span: (
                                    low: 455,
                                    high: 462,
                                ),
                                lhs: Reference((
                                    span: (
                                        low: 455,
                                        high: 456,
                                    ),
                                    name: (
                                        name: "j",
                                        span: (
                                            low: 455,
                                            high: 456,
                                        ),
                                    ),
                                )),
                                rhs: DotIndex((
                                    span: (
                                        low: 459,
                                        high: 462,
                                    ),
                                    origin: Reference((
                                        span: (
                                            low: 459,
                                            high: 460,
                                        ),
                                        name: (
                                            name: "b",
                                            span: (
                                                low: 459,
                                                high: 460,
                                            ),
                                        ),
                                    )),
                                    index: (
                                        name: "c",
                                        span: (
                                            low: 461,
                                            high: 462,
                                        ),
                                    ),
                                )),
                                op: Lt,
                                op_span: (
                                    low: 457,
                                    high: 458,
                                ),
                            ))),
                            increment: Some(Assign((
                                span: (
                                    low: 464,
                                    high: 473,
                                ),
                                lhs: Reference((
                                    span: (
                                        low: 464,
                                        high: 465,
                                    ),
                                    name: (
                                        name: "j",
                                        span: (
                                            low: 464,
                                            high: 465,
                                        ),
                                    ),
                                )),
                                rhs: BinaryOp((
                                    span: (
                                        low: 468,
                                        high: 473,
                                    ),
                                    lhs: Reference((
                                        span: (
                                            low: 468,
                                            high: 469,
                                        ),
                                        name: (
                                            name: "j",
                                            span: (
                                                low: 468,
                                                high: 469,
                                            ),
                                        ),
                                    )),
                                    rhs: IntegerLiteral((
                                        span: (
                                            low: 472,
                                            high: 473,
                                        ),
                                        value: 1,
                                    )),
                                    op: Add,
                                    op_span: (
                                        low: 470,
                                        high: 471,
                                    ),
                                )),
                            ))),
                            body: [
                                Let((
                                    span: (
                                        low: 483,
                                        high: 495,
                                    ),
                                    name: (
                                        name: "sum",
                                        span: (
                                            low: 487,
                                            high: 490,
                                        ),
                                    ),
                                    ty: None,
                                    value: IntegerLiteral((
                                        span: (
                                            low: 493,
                                            high: 494,
                                        ),
                                        value: 0,
                                    )),
                                )),
                                For((
                                    span: (
                                        low: 502,
                                        high: 608,
                                    ),
                                    initializer: Some((
                                        span: (
                                            low: 507,
                                            high: 516,
                                        ),
                                        name: (
                                            name: "k",
                                            span: (
                                                low: 511,
                                                high: 512,
                                            ),
                                        ),
                                        initializer: IntegerLiteral((
                                            span: (
                                                low: 515,
                                                high: 516,
                                            ),
                                            value: 0,
                                        )),
                                    )),
                                    condition: Some(BinaryOp((
                                        span: (
                                            low: 518,
                                            high: 525,
                                        ),
                                        lhs: Reference((
                                            span: (
                                                low: 518,
                                                high: 519,
                                            ),
                                            name: (
                                                name: "k",
                                                span: (
                                                    low: 518,
                                                    high: 519,
                                                ),
                                            ),
                                        )),
                                        rhs: DotIndex((
                                            span: (
                                                low: 522,
                                                high: 525,
                                            ),
                                            origin: Reference((
                                                span: (
                                                    low: 522,
                                                    high: 523,
                                                ),
                                                name: (
                                                    name: "a",
                                                    span: (
                                                        low: 522,
                                                        high: 523,
                                                    ),
                                                ),
                                            )),
                                            index: (
                                                name: "c",
                                                span: (
                                                    low: 524,
                                                    high: 525,
                                                ),
                                            ),
                                        )),
                                        op: Lt,
                                        op_span: (
                                            low: 520,
                                            high: 521,
                                        ),
                                    ))),
                                    increment: Some(Assign((
                                        span: (
                                            low: 527,
                                            high: 536,
                                        ),
                                        lhs: Reference((
                                            span: (
                                                low: 527,
                                                high: 528,
                                            ),
                                            name: (
                                                name: "k",
                                                span: (
                                                    low: 527,
                                                    high: 528,
                                                ),
                                            ),
                                        )),
                                        rhs: BinaryOp((
                                            span: (
                                                low: 531,
                                                high: 536,
                                            ),
                                            lhs: Reference((
                                                span: (
                                                    low: 531,
                                                    high: 532,
                                                ),
                                                name: (
                                                    name: "k",
                                                    span: (
                                                        low: 531,
                                                        high: 532,
                                                    ),
                                                ),
                                            )),
                                            rhs: IntegerLiteral((
                                                span: (
                                                    low: 535,
                                                    high: 536,
                                                ),
                                                value: 1,
                                            )),
                                            op: Add,
                                            op_span: (
                                                low: 533,
                                                high: 534,
                                            ),
                                        )),
                                    ))),
                                    body: [
                                        Expr((
                                            span: (
                                                low: 548,
                                                high: 600,
                                            ),
                                            expr: Assign((
                                                span: (
                                                    low: 548,
                                                    high: 599,
                                                ),
                                                lhs: Reference((
                                                    span: (
                                                        low: 548,
                                                        high: 551,
                                                    ),
                                                    name: (
                                                        name: "sum",
                                                        span: (
                                                            low: 548,
                                                            high: 551,
                                                        ),
                                                    ),
                                                )),
                                                rhs: BinaryOp((
                                                    span: (
                                                        low: 554,
                                                        high: 599,
                                                    ),
                                                    lhs: Reference((
                                                        span: (
                                                            low: 554,
                                                            high: 557,
                                                        ),
                                                        name: (
                                                            name: "sum",
                                                            span: (
                                                                low: 554,
                                                                high: 557,
                                                            ),
                                                        ),
                                                    )),
                                                    rhs: BinaryOp((
                                                        span: (
                                                            low: 560,
                                                            high: 599,
                                                        ),
                                                        lhs: BracketIndex((
                                                            span: (
                                                                low: 560,
                                                                high: 578,
                                                            ),
                                                            origin: DotIndex((
                                                                span: (
                                                                    low: 560,
                                                                    high: 565,
                                                                ),
                                                                origin: Reference((
                                                                    span: (
                                                                        low: 560,
                                                                        high: 561,
                                                                    ),
                                                                    name: (
                                                                        name: "a",
                                                                        span: (
                                                                            low: 560,
                                                                            high: 561,
                                                                        ),
                                                                    ),
                                                                )),
                                                                index: (
                                                                    name: "buf",
                                                                    span: (
                                                                        low: 562,
                                                                        high: 565,
                                                                    ),
                                                                ),
                                                            )),
                                                            index: BinaryOp((
                                                                span: (
                                                                    low: 566,
                                                                    high: 577,
                                                                ),
                                                                lhs: BinaryOp((
                                                                    span: (
                                                                        low: 566,
                                                                        high: 573,
                                                                    ),
                                                                    lhs: Reference((
                                                                        span: (
                                                                            low: 566,
                                                                            high: 567,
                                                                        ),
                                                                        name: (
                                                                            name: "i",
                                                                            span: (
                                                                                low: 566,
                                                                                high: 567,
                                                                            ),
                                                                        ),
                                                                    )),
                                                                    rhs: DotIndex((
                                                                        span: (
                                                                            low: 570,
                                                                            high: 573,
                                                                        ),
                                                                        origin: Reference((
                                                                            span: (
                                                                                low: 570,
                                                                                high: 571,
                                                                            ),
                                                                            name: (
                                                                                name: "a",
                                                                                span: (
                                                                                    low: 570,
                                                                                    high: 571,
                                                                                ),
                                                                            ),
                                                                        )),
                                                                        index: (
                                                                            name: "c",
                                                                            span: (
                                                                                low: 572,
                                                                                high: 573,
                                                                            ),
                                                                        ),
                                                                    )),
                                                                    op: Mul,
                                                                    op_span: (
                                                                        low: 568,
                                                                        high: 569,
                                                                    ),
                                                                )),
                                                                rhs: Reference((
                                                                    span: (
                                                                        low: 576,
                                                                        high: 577,
                                                                    ),
                                                                    name: (
                                                                        name: "k",
                                                                        span: (
                                                                            low: 576,
                                                                            high: 577,
                                                                        ),
                                                                    ),
                                                                )),
                                                                op: Add,
                                                                op_span: (
                                                                    low: 574,
                                                                    high: 575,
                                                                ),
                                                            )),
                                                        )),
                                                        rhs: BracketIndex((
                                                            span: (
                                                                low: 581,
                                                                high: 599,
                                                            ),
                                                            origin: DotIndex((
                                                                span: (
                                                                    low: 581,
                                                                    high: 586,
                                                                ),
                                                                origin: Reference((
                                                                    span: (
                                                                        low: 581,
                                                                        high: 582,
                                                                    ),
                                                                    name: (
                                                                        name: "b",
                                                                        span: (
                                                                            low: 581,
                                                                            high: 582,
                                                                        ),
                                                                    ),
                                                                )),
                                                                index: (
                                                                    name: "buf",
                                                                    span: (
                                                                        low: 583,
                                                                        high: 586,
                                                                    ),
                                                                ),
                                                            )),
                                                            index: BinaryOp((
                                                                span: (
                                                                    low: 587,
                                                                    high: 598,
                                                                ),
                                                                lhs: BinaryOp((
                                                                    span: (
                                                                        low: 587,
                                                                        high: 594,
                                                                    ),
                                                                    lhs: Reference((
                                                                        span: (
                                                                            low: 587,
                                                                            high: 588,
                                                                        ),
                                                                        name: (
                                                                            name: "k",
                                                                            span: (
                                                                                low: 587,
                                                                                high: 588,
                                                                            ),
                                                                        ),
                                                                    )),
                                                                    rhs: DotIndex((
                                                                        span: (
                                                                            low: 591,
                                                                            high: 594,
                                                                        ),
                                                                        origin: Reference((
                                                                            span: (
                                                                                low: 591,
                                                                                high: 592,
                                                                            ),
                                                                            name: (
                                                                                name: "b",
                                                                                span: (
                                                                                    low: 591,
                                                                                    high: 592,
                                                                                ),
                                                                            ),
                                                                        )),
                                                                        index: (
                                                                            name: "c",
                                                                            span: (
                                                                                low: 593,
                                                                                high: 594,
                                                                            ),
                                                                        ),
                                                                    )),
                                                                    op: Mul,
                                                                    op_span: (
                                                                        low: 589,
                                                                        high: 590,
                                                                    ),
                                                                )),
                                                                rhs: Reference((
                                                                    span: (
                                                                        low: 597,
                                                                        high: 598,
                                                                    ),
                                                                    name: (
                                                                        name: "j",
                                                                        span: (
                                                                            low: 597,
                                                                            high: 598,
                                                                        ),
                                                                    ),
                                                                )),
                                                                op: Add,
                                                                op_span: (
                                                                    low: 595,
                                                                    high: 596,
                                                                ),
                                                            )),
                                                        )),
                                                        op: Mul,
                                                        op_span: (
                                                            low: 579,
                                                            high: 580,
                                                        ),
                                                    )),
                                                    op: Add,
                                                    op_span: (
                                                        low: 558,
                                                        high: 559,
                                                    ),
                                                )),
                                            )),
                                        )),
                                    ],
                                )),
                                Expr((
                                    span: (
                                        low: 615,
                                        high: 640,
                                    ),
                                    expr: Assign((
                                        span: (
                                            low: 615,
                                            high: 639,
                                        ),
                                        lhs: BracketIndex((
                                            span: (
                                                low: 615,
                                                high: 633,
                                            ),
                                            origin: DotIndex((
                                                span: (
                                                    low: 615,
                                                    high: 620,
                                                ),
                                                origin: Reference((
                                                    span: (
                                                        low: 615,
                                                        high: 616,
                                                    ),
                                                    name: (
                                                        name: "c",
                                                        span: (
                                                            low: 615,
                                                            high: 616,
                                                        ),
                                                    ),
                                                )),
                                                index: (
                                                    name: "buf",
                                                    span: (
                                                        low: 617,
                                                        high: 620,
                                                    ),
                                                ),
                                            )),
                                            index: BinaryOp((
                                                span: (
                                                    low: 621,
                                                    high: 632,
                                                ),
                                                lhs: BinaryOp((
                                                    span: (
                                                        low: 621,
                                                        high: 628,
                                                    ),
                                                    lhs: Reference((
                                                        span: (
                                                            low: 621,
                                                            high: 622,
                                                        ),
                                                        name: (
                                                            name: "i",
                                                            span: (
                                                                low: 621,
                                                                high: 622,
                                                            ),
                                                        ),
                                                    )),
                                                    rhs: DotIndex((
                                                        span: (
                                                            low: 625,
                                                            high: 628,
                                                        ),
                                                        origin: Reference((
                                                            span: (
                                                                low: 625,
                                                                high: 626,
                                                            ),
                                                            name: (
                                                                name: "b",
                                                                span: (
                                                                    low: 625,
                                                                    high: 626,
                                                                ),
                                                            ),
                                                        )),
                                                        index: (
                                                            name: "c",
                                                            span: (
                                                                low: 627,
                                                                high: 628,
                                                            ),
                                                        ),
                                                    )),
                                                    op: Mul,
                                                    op_span: (
                                                        low: 623,
                                                        high: 624,
                                                    ),
                                                )),
                                                rhs: Reference((
                                                    span: (
                                                        low: 631,
                                                        high: 632,
                                                    ),
                                                    name: (
                                                        name: "j",
                                                        span: (
                                                            low: 631,
                                                            high: 632,
                                                        ),
                                                    ),
                                                )),
                                                op: Add,
                                                op_span: (
                                                    low: 629,
                                                    high: 630,
                                                ),
                                            )),
                                        )),
                                        rhs: Reference((
                                            span: (
                                                low: 636,
                                                high: 639,
                                            ),
                                            name: (
                                                name: "sum",
                                                span: (
                                                    low: 636,
                                                    high: 639,
                                                ),
                                            ),
                                        )),
                                    )),
                                )),
                            ],
                        )),
                    ],
                )),
                Return((
                    span: (
                        low: 653,
                        high: 662,
                    ),
                    value: Some(Reference((
                        span: (
                            low: 660,
                            high: 661,
                        ),
                        name: (
                            name: "c",
                            span: (
                                low: 660,
                                high: 661,
                            ),
                        ),
                    ))),
                )),
            ],
            is_intrinsic: false,
        )),
    ],
)
eightc: early termination due to: --terminator=syntax
