(
    items: [
        Struct((
            span: (
                low: 79,
                high: 123,
            ),
            name: (
                name: "Node",
                span: (
                    low: 86,
                    high: 90,
                ),
            ),
            members: [
                (
                    span: (
                        low: 95,
                        high: 106,
                    ),
                    name: (
                        name: "value",
                        span: (
                            low: 95,
                            high: 100,
                        ),
                    ),
                    ty: Integer32((
                        span: (
                            low: 102,
                            high: 105,
                        ),
                    )),
                ),
                (
                    span: (
                        low: 109,
                        high: 121,
                    ),
                    name: (
                        name: "next",
                        span: (
                            low: 109,
                            high: 113,
                        ),
                    ),
                    ty: Pointer((
                        span: (
                            low: 115,
                            high: 120,
                        ),
                        inner: Named((
                            span: (
                                low: 116,
                                high: 120,
                            ),
                            name: (
                                name: "Node",
                                span: (
                                    low: 116,
                                    high: 120,
                                ),
                            ),
                        )),
                    )),
                ),
            ],
        )),
        Function((
            span: (
                low: 125,
                high: 230,
            ),
            name: (
                name: "prepend",
                span: (
                    low: 128,
                    high: 135,
                ),
            ),
            parameters: [
                (
                    span: (
                        low: 136,
                        high: 146,
                    ),
                    name: (
                        name: "node",
                        span: (
                            low: 136,
                            high: 140,
                        ),
                    ),
                    ty: Named((
                        span: (
                            low: 142,
                            high: 146,
                        ),
                        name: (
                            name: "Node",
                            span: (
                                low: 142,
                                high: 146,
                            ),
                        ),
                    )),
                ),
                (
                    span: (
                        low: 148,
                        high: 158,
                    ),
                    name: (
                        name: "value",
                        span: (
                            low: 148,
                            high: 153,
                        ),
                    ),
                    ty: Integer32((
                        span: (
                            low: 155,
                            high: 158,
                        ),
                    )),
                ),
            ],
            type_parameters: [],
            return_type: Some(Named((
                span: (
                    low: 163,
                    high: 167,
                ),
                name: (
                    name: "Node",
                    span: (
                        low: 163,
                        high: 167,
                    ),
                ),
            ))),
            body: [
                Return((
                    span: (
                        low: 172,
                        high: 228,
                    ),
                    value: Some(Construct((
                        span: (
                            low: 179,
                            high: 227,
                        ),
                        callee: Named((
                            span: (
                                low: 183,
                                high: 187,
                            ),
                            name: (
                                name: "Node",
                                span: (
                                    low: 183,
                                    high: 187,
                                ),
                            ),
                        )),
                        arguments: [
                            (
                                span: (
                                    low: 194,
                                    high: 206,
                                ),
                                field: (
                                    name: "value",
                                    span: (
                                        low: 194,
                                        high: 199,
                                    ),
                                ),
                                expr: Reference((
                                    span: (
                                        low: 201,
                                        high: 206,
                                    ),
                                    name: (
                                        name: "value",
                                        span: (
                                            low: 201,
                                            high: 206,
                                        ),
                                    ),
                                )),
                            ),
                            (
                                span: (
                                    low: 212,
                                    high: 222,
                                ),
                                field: (
                                    name: "next",
                                    span: (
                                        low: 212,
                                        high: 216,
                                    ),
                                ),
                                expr: Reference((
                                    span: (
                                        low: 218,
                                        high: 222,
                                    ),
                                    name: (
                                        name: "node",
                                        span: (
                                            low: 218,
                                            high: 222,
                                        ),
                                    ),
                                )),
                            ),
                        ],
                    ))),
                )),
            ],
            is_intrinsic: false,
        )),
        Function((
            span: (
                low: 232,
                high: 425,
            ),
            name: (
                name: "append",
                span: (
                    low: 235,
                    high: 241,
                ),
            ),
            parameters: [
                (
                    span: (
                        low: 242,
                        high: 252,
                    ),
                    name: (
                        name: "node",
                        span: (
                            low: 242,
                            high: 246,
                        ),
                    ),
                    ty: Named((
                        span: (
                            low: 248,
                            high: 252,
                        ),
                        name: (
                            name: "Node",
                            span: (
                                low: 248,
                                high: 252,
                            ),
                        ),
                    )),
                ),
                (
                    span: (
                        low: 254,
                        high: 264,
                    ),
                    name: (
                        name: "value",
                        span: (
                            low: 254,
                            high: 259,
                        ),
                    ),
                    ty: Integer32((
                        span: (
                            low: 261,
                            high: 264,
                        ),
                    )),
                ),
            ],
            type_parameters: [],
            return_type: None,
            body: [
                For((
                    span: (
                        low: 270,
                        high: 328,
                    ),
                    initializer: Some((
                        span: (
                            low: 275,
                            high: 290,
                        ),
                        name: (
                            name: "curr",
                            span: (
                                low: 279,
                                high: 283,
                            ),
                        ),
                        initializer: Reference((
                            span: (
                                low: 286,
                                high: 290,
                            ),
                            name: (
                                name: "node",
                                span: (
                                    low: 286,
                                    high: 290,
                                ),
                            ),
                        )),
                    )),
                    condition: Some(BinaryOp((
                        span: (
                            low: 292,
                            high: 306,
                        ),
                        lhs: DotIndex((
                            span: (
                                low: 292,
                                high: 301,
                            ),
                            origin: Reference((
                                span: (
                                    low: 292,
                                    high: 296,
                                ),
                                name: (
                                    name: "curr",
                                    span: (
                                        low: 292,
                                        high: 296,
                                    ),
                                ),
                            )),
                            index: (
                                name: "next",
                                span: (
                                    low: 297,
                                    high: 301,
                                ),
                            ),
                        )),
                        rhs: IntegerLiteral((
                            span: (
                                low: 305,
                                high: 306,
                            ),
                            value: 0,
                        )),
                        op: Neq,
                        op_span: (
                            low: 302,
                            high: 304,
                        ),
                    ))),
                    increment: Some(Assign((
                        span: (
                            low: 308,
                            high: 324,
                        ),
                        lhs: Reference((
                            span: (
                                low: 308,
                                high: 312,
                            ),
                            name: (
                                name: "curr",
                                span: (
                                    low: 308,
                                    high: 312,
                                ),
                            ),
                        )),
                        rhs: DotIndex((
                            span: (
                                low: 315,
                                high: 324,
                            ),
                            origin: Reference((
                                span: (
                                    low: 315,
                                    high: 319,
                                ),
                                name: (
                                    name: "curr",
                                    span: (
                                        low: 315,
                                        high: 319,
                                    ),
                                ),
                            )),
                            index: (
                                name: "next",
                                span: (
                                    low: 320,
                                    high: 324,
                                ),
                            ),
                        )),
                    ))),
                    body: [],
                )),
                Let((
                    span: (
                        low: 331,
                        high: 364,
                    ),
                    name: (
                        name: "node",
                        span: (
                            low: 335,
                            high: 339,
                        ),
                    ),
                    ty: None,
                    value: Call((
                        span: (
                            low: 342,
                            high: 363,
                        ),
                        callee: Reference((
                            span: (
                                low: 342,
                                high: 348,
                            ),
                            name: (
                                name: "malloc",
                                span: (
                                    low: 342,
                                    high: 348,
                                ),
                            ),
                        )),
                        arguments: [
                            BinaryOp((
                                span: (
                                    low: 357,
                                    high: 362,
                                ),
                                lhs: IntegerLiteral((
                                    span: (
                                        low: 357,
                                        high: 358,
                                    ),
                                    value: 8,
                                )),
                                rhs: IntegerLiteral((
                                    span: (
                                        low: 361,
                                        high: 362,
                                    ),
                                    value: 4,
                                )),
                                op: Add,
                                op_span: (
                                    low: 359,
                                    high: 360,
                                ),
                            )),
                        ],
                        type_arguments: [
                            Named((
                                span: (
                                    low: 351,
                                    high: 355,
                                ),
                                name: (
                                    name: "Node",
                                    span: (
                                        low: 351,
                                        high: 355,
                                    ),
                                ),
                            )),
                        ],
                    )),
                )),
                Expr((
                    span: (
                        low: 367,
                        high: 386,
                    ),
                    expr: Assign((
                        span: (
                            low: 367,
                            high: 385,
                        ),
                        lhs: DotIndex((
                            span: (
                                low: 367,
                                high: 377,
                            ),
                            origin: Reference((
                                span: (
                                    low: 367,
                                    high: 371,
                                ),
                                name: (
                                    name: "node",
                                    span: (
                                        low: 367,
                                        high: 371,
                                    ),
                                ),
                            )),
                            index: (
                                name: "value",
                                span: (
                                    low: 372,
                                    high: 377,
                                ),
                            ),
                        )),
                        rhs: Reference((
                            span: (
                                low: 380,
                                high: 385,
                            ),
                            name: (
                                name: "value",
                                span: (
                                    low: 380,
                                    high: 385,
                                ),
                            ),
                        )),
                    )),
                )),
                Expr((
                    span: (
                        low: 389,
                        high: 403,
                    ),
                    expr: Assign((
                        span: (
                            low: 389,
                            high: 402,
                        ),
                        lhs: DotIndex((
                            span: (
                                low: 389,
                                high: 398,
                            ),
                            origin: Reference((
                                span: (
                                    low: 389,
                                    high: 393,
                                ),
                                name: (
                                    name: "node",
                                    span: (
                                        low: 389,
                                        high: 393,
                                    ),
                                ),
                            )),
                            index: (
                                name: "next",
                                span: (
                                    low: 394,
                                    high: 398,
                                ),
                            ),
                        )),
                        rhs: IntegerLiteral((
                            span: (
                                low: 401,
                                high: 402,
                            ),
                            value: 0,
                        )),
                    )),
                )),
                Expr((
                    span: (
                        low: 406,
                        high: 423,
                    ),
                    expr: Assign((
                        span: (
                            low: 406,
                            high: 422,
                        ),
                        lhs: DotIndex((
                            span: (
                                low: 406,
                                high: 415,
                            ),
                            origin: Reference((
                                span: (
                                    low: 406,
                                    high: 410,
                                ),
                                name: (
                                    name: "curr",
                                    span: (
                                        low: 406,
                                        high: 410,
                                    ),
                                ),
                            )),
                            index: (
                                name: "next",
                                span: (
                                    low: 411,
                                    high: 415,
                                ),
                            ),
                        )),
                        rhs: Reference((
                            span: (
                                low: 418,
                                high: 422,
                            ),
                            name: (
                                name: "node",
                                span: (
                                    low: 418,
                                    high: 422,
                                ),
                            ),
                        )),
                    )),
                )),
            ],
            is_intrinsic: false,
        )),
    ],
)
eightc: early termination due to: --terminator=syntax
