Error: sema::wrong_trait_type_argument_count

  × trait Add requires 3 type arguments, but 2 were supplied
   ╭─[instantiation-missing-type-arguments.eight:3:7]
 2 │ 
 3 │ trait Add<A, B, R> {
   ·       ─┬─
   ·        ╰── declares 3 type arguments
 4 │   fn add(a: A, b: B) -> R;
 5 │ }
 6 │ 
 7 │ instance Add<i32, i32> {
   ·          ─┬─
   ·           ╰── supplied 2 type arguments
 8 │   fn add(a: i32, b: i32) -> i32 {
   ╰────

