---
source: compiler/eight-syntax/tests/parser_tests.rs
expression: translation_unit
input_file: compiler/eight-syntax/tests/data/instances.test
snapshot_kind: text
---
AstTranslationUnit(
  items: [
    IntrinsicType(AstIntrinsicTypeItem(
      span: Span(
        low: 0,
        high: 19,
      ),
      name: AstIdentifier(
        name: "i32",
        span: Span(
          low: 15,
          high: 18,
        ),
      ),
    )),
    IntrinsicFunction(AstIntrinsicFunctionItem(
      span: Span(
        low: 21,
        high: 65,
      ),
      name: AstIdentifier(
        name: "i32_add",
        span: Span(
          low: 34,
          high: 41,
        ),
      ),
      parameters: [
        AstFunctionParameterItem(
          span: Span(
            low: 42,
            high: 48,
          ),
          name: AstIdentifier(
            name: "a",
            span: Span(
              low: 42,
              high: 43,
            ),
          ),
          ty: Integer32(AstInteger32Type(
            span: Span(
              low: 45,
              high: 48,
            ),
          )),
        ),
        AstFunctionParameterItem(
          span: Span(
            low: 50,
            high: 56,
          ),
          name: AstIdentifier(
            name: "b",
            span: Span(
              low: 50,
              high: 51,
            ),
          ),
          ty: Integer32(AstInteger32Type(
            span: Span(
              low: 53,
              high: 56,
            ),
          )),
        ),
      ],
      type_parameters: [],
      return_type: Integer32(AstInteger32Type(
        span: Span(
          low: 61,
          high: 64,
        ),
      )),
    )),
    IntrinsicFunction(AstIntrinsicFunctionItem(
      span: Span(
        low: 66,
        high: 110,
      ),
      name: AstIdentifier(
        name: "i32_sub",
        span: Span(
          low: 79,
          high: 86,
        ),
      ),
      parameters: [
        AstFunctionParameterItem(
          span: Span(
            low: 87,
            high: 93,
          ),
          name: AstIdentifier(
            name: "a",
            span: Span(
              low: 87,
              high: 88,
            ),
          ),
          ty: Integer32(AstInteger32Type(
            span: Span(
              low: 90,
              high: 93,
            ),
          )),
        ),
        AstFunctionParameterItem(
          span: Span(
            low: 95,
            high: 101,
          ),
          name: AstIdentifier(
            name: "b",
            span: Span(
              low: 95,
              high: 96,
            ),
          ),
          ty: Integer32(AstInteger32Type(
            span: Span(
              low: 98,
              high: 101,
            ),
          )),
        ),
      ],
      type_parameters: [],
      return_type: Integer32(AstInteger32Type(
        span: Span(
          low: 106,
          high: 109,
        ),
      )),
    )),
    IntrinsicFunction(AstIntrinsicFunctionItem(
      span: Span(
        low: 111,
        high: 155,
      ),
      name: AstIdentifier(
        name: "i32_mul",
        span: Span(
          low: 124,
          high: 131,
        ),
      ),
      parameters: [
        AstFunctionParameterItem(
          span: Span(
            low: 132,
            high: 138,
          ),
          name: AstIdentifier(
            name: "a",
            span: Span(
              low: 132,
              high: 133,
            ),
          ),
          ty: Integer32(AstInteger32Type(
            span: Span(
              low: 135,
              high: 138,
            ),
          )),
        ),
        AstFunctionParameterItem(
          span: Span(
            low: 140,
            high: 146,
          ),
          name: AstIdentifier(
            name: "b",
            span: Span(
              low: 140,
              high: 141,
            ),
          ),
          ty: Integer32(AstInteger32Type(
            span: Span(
              low: 143,
              high: 146,
            ),
          )),
        ),
      ],
      type_parameters: [],
      return_type: Integer32(AstInteger32Type(
        span: Span(
          low: 151,
          high: 154,
        ),
      )),
    )),
    IntrinsicFunction(AstIntrinsicFunctionItem(
      span: Span(
        low: 156,
        high: 200,
      ),
      name: AstIdentifier(
        name: "i32_div",
        span: Span(
          low: 169,
          high: 176,
        ),
      ),
      parameters: [
        AstFunctionParameterItem(
          span: Span(
            low: 177,
            high: 183,
          ),
          name: AstIdentifier(
            name: "a",
            span: Span(
              low: 177,
              high: 178,
            ),
          ),
          ty: Integer32(AstInteger32Type(
            span: Span(
              low: 180,
              high: 183,
            ),
          )),
        ),
        AstFunctionParameterItem(
          span: Span(
            low: 185,
            high: 191,
          ),
          name: AstIdentifier(
            name: "b",
            span: Span(
              low: 185,
              high: 186,
            ),
          ),
          ty: Integer32(AstInteger32Type(
            span: Span(
              low: 188,
              high: 191,
            ),
          )),
        ),
      ],
      type_parameters: [],
      return_type: Integer32(AstInteger32Type(
        span: Span(
          low: 196,
          high: 199,
        ),
      )),
    )),
    IntrinsicFunction(AstIntrinsicFunctionItem(
      span: Span(
        low: 201,
        high: 245,
      ),
      name: AstIdentifier(
        name: "i32_rem",
        span: Span(
          low: 214,
          high: 221,
        ),
      ),
      parameters: [
        AstFunctionParameterItem(
          span: Span(
            low: 222,
            high: 228,
          ),
          name: AstIdentifier(
            name: "a",
            span: Span(
              low: 222,
              high: 223,
            ),
          ),
          ty: Integer32(AstInteger32Type(
            span: Span(
              low: 225,
              high: 228,
            ),
          )),
        ),
        AstFunctionParameterItem(
          span: Span(
            low: 230,
            high: 236,
          ),
          name: AstIdentifier(
            name: "b",
            span: Span(
              low: 230,
              high: 231,
            ),
          ),
          ty: Integer32(AstInteger32Type(
            span: Span(
              low: 233,
              high: 236,
            ),
          )),
        ),
      ],
      type_parameters: [],
      return_type: Integer32(AstInteger32Type(
        span: Span(
          low: 241,
          high: 244,
        ),
      )),
    )),
    IntrinsicFunction(AstIntrinsicFunctionItem(
      span: Span(
        low: 247,
        high: 291,
      ),
      name: AstIdentifier(
        name: "i32_eq",
        span: Span(
          low: 260,
          high: 266,
        ),
      ),
      parameters: [
        AstFunctionParameterItem(
          span: Span(
            low: 267,
            high: 273,
          ),
          name: AstIdentifier(
            name: "a",
            span: Span(
              low: 267,
              high: 268,
            ),
          ),
          ty: Integer32(AstInteger32Type(
            span: Span(
              low: 270,
              high: 273,
            ),
          )),
        ),
        AstFunctionParameterItem(
          span: Span(
            low: 275,
            high: 281,
          ),
          name: AstIdentifier(
            name: "b",
            span: Span(
              low: 275,
              high: 276,
            ),
          ),
          ty: Integer32(AstInteger32Type(
            span: Span(
              low: 278,
              high: 281,
            ),
          )),
        ),
      ],
      type_parameters: [],
      return_type: Boolean(AstBooleanType(
        span: Span(
          low: 286,
          high: 290,
        ),
      )),
    )),
    IntrinsicFunction(AstIntrinsicFunctionItem(
      span: Span(
        low: 292,
        high: 337,
      ),
      name: AstIdentifier(
        name: "i32_neq",
        span: Span(
          low: 305,
          high: 312,
        ),
      ),
      parameters: [
        AstFunctionParameterItem(
          span: Span(
            low: 313,
            high: 319,
          ),
          name: AstIdentifier(
            name: "a",
            span: Span(
              low: 313,
              high: 314,
            ),
          ),
          ty: Integer32(AstInteger32Type(
            span: Span(
              low: 316,
              high: 319,
            ),
          )),
        ),
        AstFunctionParameterItem(
          span: Span(
            low: 321,
            high: 327,
          ),
          name: AstIdentifier(
            name: "b",
            span: Span(
              low: 321,
              high: 322,
            ),
          ),
          ty: Integer32(AstInteger32Type(
            span: Span(
              low: 324,
              high: 327,
            ),
          )),
        ),
      ],
      type_parameters: [],
      return_type: Boolean(AstBooleanType(
        span: Span(
          low: 332,
          high: 336,
        ),
      )),
    )),
    IntrinsicFunction(AstIntrinsicFunctionItem(
      span: Span(
        low: 338,
        high: 382,
      ),
      name: AstIdentifier(
        name: "i32_lt",
        span: Span(
          low: 351,
          high: 357,
        ),
      ),
      parameters: [
        AstFunctionParameterItem(
          span: Span(
            low: 358,
            high: 364,
          ),
          name: AstIdentifier(
            name: "a",
            span: Span(
              low: 358,
              high: 359,
            ),
          ),
          ty: Integer32(AstInteger32Type(
            span: Span(
              low: 361,
              high: 364,
            ),
          )),
        ),
        AstFunctionParameterItem(
          span: Span(
            low: 366,
            high: 372,
          ),
          name: AstIdentifier(
            name: "b",
            span: Span(
              low: 366,
              high: 367,
            ),
          ),
          ty: Integer32(AstInteger32Type(
            span: Span(
              low: 369,
              high: 372,
            ),
          )),
        ),
      ],
      type_parameters: [],
      return_type: Boolean(AstBooleanType(
        span: Span(
          low: 377,
          high: 381,
        ),
      )),
    )),
    IntrinsicFunction(AstIntrinsicFunctionItem(
      span: Span(
        low: 383,
        high: 427,
      ),
      name: AstIdentifier(
        name: "i32_gt",
        span: Span(
          low: 396,
          high: 402,
        ),
      ),
      parameters: [
        AstFunctionParameterItem(
          span: Span(
            low: 403,
            high: 409,
          ),
          name: AstIdentifier(
            name: "a",
            span: Span(
              low: 403,
              high: 404,
            ),
          ),
          ty: Integer32(AstInteger32Type(
            span: Span(
              low: 406,
              high: 409,
            ),
          )),
        ),
        AstFunctionParameterItem(
          span: Span(
            low: 411,
            high: 417,
          ),
          name: AstIdentifier(
            name: "b",
            span: Span(
              low: 411,
              high: 412,
            ),
          ),
          ty: Integer32(AstInteger32Type(
            span: Span(
              low: 414,
              high: 417,
            ),
          )),
        ),
      ],
      type_parameters: [],
      return_type: Boolean(AstBooleanType(
        span: Span(
          low: 422,
          high: 426,
        ),
      )),
    )),
    IntrinsicFunction(AstIntrinsicFunctionItem(
      span: Span(
        low: 428,
        high: 472,
      ),
      name: AstIdentifier(
        name: "i32_le",
        span: Span(
          low: 441,
          high: 447,
        ),
      ),
      parameters: [
        AstFunctionParameterItem(
          span: Span(
            low: 448,
            high: 454,
          ),
          name: AstIdentifier(
            name: "a",
            span: Span(
              low: 448,
              high: 449,
            ),
          ),
          ty: Integer32(AstInteger32Type(
            span: Span(
              low: 451,
              high: 454,
            ),
          )),
        ),
        AstFunctionParameterItem(
          span: Span(
            low: 456,
            high: 462,
          ),
          name: AstIdentifier(
            name: "b",
            span: Span(
              low: 456,
              high: 457,
            ),
          ),
          ty: Integer32(AstInteger32Type(
            span: Span(
              low: 459,
              high: 462,
            ),
          )),
        ),
      ],
      type_parameters: [],
      return_type: Boolean(AstBooleanType(
        span: Span(
          low: 467,
          high: 471,
        ),
      )),
    )),
    IntrinsicFunction(AstIntrinsicFunctionItem(
      span: Span(
        low: 473,
        high: 517,
      ),
      name: AstIdentifier(
        name: "i32_ge",
        span: Span(
          low: 486,
          high: 492,
        ),
      ),
      parameters: [
        AstFunctionParameterItem(
          span: Span(
            low: 493,
            high: 499,
          ),
          name: AstIdentifier(
            name: "a",
            span: Span(
              low: 493,
              high: 494,
            ),
          ),
          ty: Integer32(AstInteger32Type(
            span: Span(
              low: 496,
              high: 499,
            ),
          )),
        ),
        AstFunctionParameterItem(
          span: Span(
            low: 501,
            high: 507,
          ),
          name: AstIdentifier(
            name: "b",
            span: Span(
              low: 501,
              high: 502,
            ),
          ),
          ty: Integer32(AstInteger32Type(
            span: Span(
              low: 504,
              high: 507,
            ),
          )),
        ),
      ],
      type_parameters: [],
      return_type: Boolean(AstBooleanType(
        span: Span(
          low: 512,
          high: 516,
        ),
      )),
    )),
    IntrinsicFunction(AstIntrinsicFunctionItem(
      span: Span(
        low: 518,
        high: 563,
      ),
      name: AstIdentifier(
        name: "i32_lte",
        span: Span(
          low: 531,
          high: 538,
        ),
      ),
      parameters: [
        AstFunctionParameterItem(
          span: Span(
            low: 539,
            high: 545,
          ),
          name: AstIdentifier(
            name: "a",
            span: Span(
              low: 539,
              high: 540,
            ),
          ),
          ty: Integer32(AstInteger32Type(
            span: Span(
              low: 542,
              high: 545,
            ),
          )),
        ),
        AstFunctionParameterItem(
          span: Span(
            low: 547,
            high: 553,
          ),
          name: AstIdentifier(
            name: "b",
            span: Span(
              low: 547,
              high: 548,
            ),
          ),
          ty: Integer32(AstInteger32Type(
            span: Span(
              low: 550,
              high: 553,
            ),
          )),
        ),
      ],
      type_parameters: [],
      return_type: Boolean(AstBooleanType(
        span: Span(
          low: 558,
          high: 562,
        ),
      )),
    )),
    IntrinsicFunction(AstIntrinsicFunctionItem(
      span: Span(
        low: 564,
        high: 609,
      ),
      name: AstIdentifier(
        name: "i32_gte",
        span: Span(
          low: 577,
          high: 584,
        ),
      ),
      parameters: [
        AstFunctionParameterItem(
          span: Span(
            low: 585,
            high: 591,
          ),
          name: AstIdentifier(
            name: "a",
            span: Span(
              low: 585,
              high: 586,
            ),
          ),
          ty: Integer32(AstInteger32Type(
            span: Span(
              low: 588,
              high: 591,
            ),
          )),
        ),
        AstFunctionParameterItem(
          span: Span(
            low: 593,
            high: 599,
          ),
          name: AstIdentifier(
            name: "b",
            span: Span(
              low: 593,
              high: 594,
            ),
          ),
          ty: Integer32(AstInteger32Type(
            span: Span(
              low: 596,
              high: 599,
            ),
          )),
        ),
      ],
      type_parameters: [],
      return_type: Boolean(AstBooleanType(
        span: Span(
          low: 604,
          high: 608,
        ),
      )),
    )),
    Instance(AstInstanceItem(
      span: Span(
        low: 611,
        high: 889,
      ),
      name: AstIdentifier(
        name: "Ord",
        span: Span(
          low: 620,
          high: 623,
        ),
      ),
      instantiation_type_parameters: [
        Integer32(AstInteger32Type(
          span: Span(
            low: 624,
            high: 627,
          ),
        )),
        Integer32(AstInteger32Type(
          span: Span(
            low: 629,
            high: 632,
          ),
        )),
      ],
      members: [
        AstFunctionItem(
          span: Span(
            low: 638,
            high: 698,
          ),
          name: AstIdentifier(
            name: "lt",
            span: Span(
              low: 641,
              high: 643,
            ),
          ),
          parameters: [
            AstFunctionParameterItem(
              span: Span(
                low: 644,
                high: 650,
              ),
              name: AstIdentifier(
                name: "a",
                span: Span(
                  low: 644,
                  high: 645,
                ),
              ),
              ty: Integer32(AstInteger32Type(
                span: Span(
                  low: 647,
                  high: 650,
                ),
              )),
            ),
            AstFunctionParameterItem(
              span: Span(
                low: 652,
                high: 658,
              ),
              name: AstIdentifier(
                name: "b",
                span: Span(
                  low: 652,
                  high: 653,
                ),
              ),
              ty: Integer32(AstInteger32Type(
                span: Span(
                  low: 655,
                  high: 658,
                ),
              )),
            ),
          ],
          type_parameters: [],
          return_type: Some(Boolean(AstBooleanType(
            span: Span(
              low: 663,
              high: 667,
            ),
          ))),
          body: [
            Return(AstReturnStmt(
              span: Span(
                low: 674,
                high: 694,
              ),
              value: Some(Call(AstCallExpr(
                span: Span(
                  low: 681,
                  high: 693,
                ),
                callee: Reference(AstReferenceExpr(
                  span: Span(
                    low: 681,
                    high: 687,
                  ),
                  name: AstIdentifier(
                    name: "i32_lt",
                    span: Span(
                      low: 681,
                      high: 687,
                    ),
                  ),
                )),
                arguments: [
                  Reference(AstReferenceExpr(
                    span: Span(
                      low: 688,
                      high: 689,
                    ),
                    name: AstIdentifier(
                      name: "a",
                      span: Span(
                        low: 688,
                        high: 689,
                      ),
                    ),
                  )),
                  Reference(AstReferenceExpr(
                    span: Span(
                      low: 691,
                      high: 692,
                    ),
                    name: AstIdentifier(
                      name: "b",
                      span: Span(
                        low: 691,
                        high: 692,
                      ),
                    ),
                  )),
                ],
                type_arguments: [],
              ))),
            )),
          ],
        ),
        AstFunctionItem(
          span: Span(
            low: 701,
            high: 761,
          ),
          name: AstIdentifier(
            name: "gt",
            span: Span(
              low: 704,
              high: 706,
            ),
          ),
          parameters: [
            AstFunctionParameterItem(
              span: Span(
                low: 707,
                high: 713,
              ),
              name: AstIdentifier(
                name: "a",
                span: Span(
                  low: 707,
                  high: 708,
                ),
              ),
              ty: Integer32(AstInteger32Type(
                span: Span(
                  low: 710,
                  high: 713,
                ),
              )),
            ),
            AstFunctionParameterItem(
              span: Span(
                low: 715,
                high: 721,
              ),
              name: AstIdentifier(
                name: "b",
                span: Span(
                  low: 715,
                  high: 716,
                ),
              ),
              ty: Integer32(AstInteger32Type(
                span: Span(
                  low: 718,
                  high: 721,
                ),
              )),
            ),
          ],
          type_parameters: [],
          return_type: Some(Boolean(AstBooleanType(
            span: Span(
              low: 726,
              high: 730,
            ),
          ))),
          body: [
            Return(AstReturnStmt(
              span: Span(
                low: 737,
                high: 757,
              ),
              value: Some(Call(AstCallExpr(
                span: Span(
                  low: 744,
                  high: 756,
                ),
                callee: Reference(AstReferenceExpr(
                  span: Span(
                    low: 744,
                    high: 750,
                  ),
                  name: AstIdentifier(
                    name: "i32_gt",
                    span: Span(
                      low: 744,
                      high: 750,
                    ),
                  ),
                )),
                arguments: [
                  Reference(AstReferenceExpr(
                    span: Span(
                      low: 751,
                      high: 752,
                    ),
                    name: AstIdentifier(
                      name: "a",
                      span: Span(
                        low: 751,
                        high: 752,
                      ),
                    ),
                  )),
                  Reference(AstReferenceExpr(
                    span: Span(
                      low: 754,
                      high: 755,
                    ),
                    name: AstIdentifier(
                      name: "b",
                      span: Span(
                        low: 754,
                        high: 755,
                      ),
                    ),
                  )),
                ],
                type_arguments: [],
              ))),
            )),
          ],
        ),
        AstFunctionItem(
          span: Span(
            low: 764,
            high: 824,
          ),
          name: AstIdentifier(
            name: "le",
            span: Span(
              low: 767,
              high: 769,
            ),
          ),
          parameters: [
            AstFunctionParameterItem(
              span: Span(
                low: 770,
                high: 776,
              ),
              name: AstIdentifier(
                name: "a",
                span: Span(
                  low: 770,
                  high: 771,
                ),
              ),
              ty: Integer32(AstInteger32Type(
                span: Span(
                  low: 773,
                  high: 776,
                ),
              )),
            ),
            AstFunctionParameterItem(
              span: Span(
                low: 778,
                high: 784,
              ),
              name: AstIdentifier(
                name: "b",
                span: Span(
                  low: 778,
                  high: 779,
                ),
              ),
              ty: Integer32(AstInteger32Type(
                span: Span(
                  low: 781,
                  high: 784,
                ),
              )),
            ),
          ],
          type_parameters: [],
          return_type: Some(Boolean(AstBooleanType(
            span: Span(
              low: 789,
              high: 793,
            ),
          ))),
          body: [
            Return(AstReturnStmt(
              span: Span(
                low: 800,
                high: 820,
              ),
              value: Some(Call(AstCallExpr(
                span: Span(
                  low: 807,
                  high: 819,
                ),
                callee: Reference(AstReferenceExpr(
                  span: Span(
                    low: 807,
                    high: 813,
                  ),
                  name: AstIdentifier(
                    name: "i32_le",
                    span: Span(
                      low: 807,
                      high: 813,
                    ),
                  ),
                )),
                arguments: [
                  Reference(AstReferenceExpr(
                    span: Span(
                      low: 814,
                      high: 815,
                    ),
                    name: AstIdentifier(
                      name: "a",
                      span: Span(
                        low: 814,
                        high: 815,
                      ),
                    ),
                  )),
                  Reference(AstReferenceExpr(
                    span: Span(
                      low: 817,
                      high: 818,
                    ),
                    name: AstIdentifier(
                      name: "b",
                      span: Span(
                        low: 817,
                        high: 818,
                      ),
                    ),
                  )),
                ],
                type_arguments: [],
              ))),
            )),
          ],
        ),
        AstFunctionItem(
          span: Span(
            low: 827,
            high: 887,
          ),
          name: AstIdentifier(
            name: "ge",
            span: Span(
              low: 830,
              high: 832,
            ),
          ),
          parameters: [
            AstFunctionParameterItem(
              span: Span(
                low: 833,
                high: 839,
              ),
              name: AstIdentifier(
                name: "a",
                span: Span(
                  low: 833,
                  high: 834,
                ),
              ),
              ty: Integer32(AstInteger32Type(
                span: Span(
                  low: 836,
                  high: 839,
                ),
              )),
            ),
            AstFunctionParameterItem(
              span: Span(
                low: 841,
                high: 847,
              ),
              name: AstIdentifier(
                name: "b",
                span: Span(
                  low: 841,
                  high: 842,
                ),
              ),
              ty: Integer32(AstInteger32Type(
                span: Span(
                  low: 844,
                  high: 847,
                ),
              )),
            ),
          ],
          type_parameters: [],
          return_type: Some(Boolean(AstBooleanType(
            span: Span(
              low: 852,
              high: 856,
            ),
          ))),
          body: [
            Return(AstReturnStmt(
              span: Span(
                low: 863,
                high: 883,
              ),
              value: Some(Call(AstCallExpr(
                span: Span(
                  low: 870,
                  high: 882,
                ),
                callee: Reference(AstReferenceExpr(
                  span: Span(
                    low: 870,
                    high: 876,
                  ),
                  name: AstIdentifier(
                    name: "i32_ge",
                    span: Span(
                      low: 870,
                      high: 876,
                    ),
                  ),
                )),
                arguments: [
                  Reference(AstReferenceExpr(
                    span: Span(
                      low: 877,
                      high: 878,
                    ),
                    name: AstIdentifier(
                      name: "a",
                      span: Span(
                        low: 877,
                        high: 878,
                      ),
                    ),
                  )),
                  Reference(AstReferenceExpr(
                    span: Span(
                      low: 880,
                      high: 881,
                    ),
                    name: AstIdentifier(
                      name: "b",
                      span: Span(
                        low: 880,
                        high: 881,
                      ),
                    ),
                  )),
                ],
                type_arguments: [],
              ))),
            )),
          ],
        ),
      ],
    )),
    Instance(AstInstanceItem(
      span: Span(
        low: 891,
        high: 986,
      ),
      name: AstIdentifier(
        name: "Add",
        span: Span(
          low: 900,
          high: 903,
        ),
      ),
      instantiation_type_parameters: [
        Integer32(AstInteger32Type(
          span: Span(
            low: 904,
            high: 907,
          ),
        )),
        Integer32(AstInteger32Type(
          span: Span(
            low: 909,
            high: 912,
          ),
        )),
        Integer32(AstInteger32Type(
          span: Span(
            low: 914,
            high: 917,
          ),
        )),
      ],
      members: [
        AstFunctionItem(
          span: Span(
            low: 923,
            high: 984,
          ),
          name: AstIdentifier(
            name: "add",
            span: Span(
              low: 926,
              high: 929,
            ),
          ),
          parameters: [
            AstFunctionParameterItem(
              span: Span(
                low: 930,
                high: 936,
              ),
              name: AstIdentifier(
                name: "a",
                span: Span(
                  low: 930,
                  high: 931,
                ),
              ),
              ty: Integer32(AstInteger32Type(
                span: Span(
                  low: 933,
                  high: 936,
                ),
              )),
            ),
            AstFunctionParameterItem(
              span: Span(
                low: 938,
                high: 944,
              ),
              name: AstIdentifier(
                name: "b",
                span: Span(
                  low: 938,
                  high: 939,
                ),
              ),
              ty: Integer32(AstInteger32Type(
                span: Span(
                  low: 941,
                  high: 944,
                ),
              )),
            ),
          ],
          type_parameters: [],
          return_type: Some(Integer32(AstInteger32Type(
            span: Span(
              low: 949,
              high: 952,
            ),
          ))),
          body: [
            Return(AstReturnStmt(
              span: Span(
                low: 959,
                high: 980,
              ),
              value: Some(Call(AstCallExpr(
                span: Span(
                  low: 966,
                  high: 979,
                ),
                callee: Reference(AstReferenceExpr(
                  span: Span(
                    low: 966,
                    high: 973,
                  ),
                  name: AstIdentifier(
                    name: "i32_add",
                    span: Span(
                      low: 966,
                      high: 973,
                    ),
                  ),
                )),
                arguments: [
                  Reference(AstReferenceExpr(
                    span: Span(
                      low: 974,
                      high: 975,
                    ),
                    name: AstIdentifier(
                      name: "a",
                      span: Span(
                        low: 974,
                        high: 975,
                      ),
                    ),
                  )),
                  Reference(AstReferenceExpr(
                    span: Span(
                      low: 977,
                      high: 978,
                    ),
                    name: AstIdentifier(
                      name: "b",
                      span: Span(
                        low: 977,
                        high: 978,
                      ),
                    ),
                  )),
                ],
                type_arguments: [],
              ))),
            )),
          ],
        ),
      ],
    )),
    Instance(AstInstanceItem(
      span: Span(
        low: 988,
        high: 1083,
      ),
      name: AstIdentifier(
        name: "Sub",
        span: Span(
          low: 997,
          high: 1000,
        ),
      ),
      instantiation_type_parameters: [
        Integer32(AstInteger32Type(
          span: Span(
            low: 1001,
            high: 1004,
          ),
        )),
        Integer32(AstInteger32Type(
          span: Span(
            low: 1006,
            high: 1009,
          ),
        )),
        Integer32(AstInteger32Type(
          span: Span(
            low: 1011,
            high: 1014,
          ),
        )),
      ],
      members: [
        AstFunctionItem(
          span: Span(
            low: 1020,
            high: 1081,
          ),
          name: AstIdentifier(
            name: "sub",
            span: Span(
              low: 1023,
              high: 1026,
            ),
          ),
          parameters: [
            AstFunctionParameterItem(
              span: Span(
                low: 1027,
                high: 1033,
              ),
              name: AstIdentifier(
                name: "a",
                span: Span(
                  low: 1027,
                  high: 1028,
                ),
              ),
              ty: Integer32(AstInteger32Type(
                span: Span(
                  low: 1030,
                  high: 1033,
                ),
              )),
            ),
            AstFunctionParameterItem(
              span: Span(
                low: 1035,
                high: 1041,
              ),
              name: AstIdentifier(
                name: "b",
                span: Span(
                  low: 1035,
                  high: 1036,
                ),
              ),
              ty: Integer32(AstInteger32Type(
                span: Span(
                  low: 1038,
                  high: 1041,
                ),
              )),
            ),
          ],
          type_parameters: [],
          return_type: Some(Integer32(AstInteger32Type(
            span: Span(
              low: 1046,
              high: 1049,
            ),
          ))),
          body: [
            Return(AstReturnStmt(
              span: Span(
                low: 1056,
                high: 1077,
              ),
              value: Some(Call(AstCallExpr(
                span: Span(
                  low: 1063,
                  high: 1076,
                ),
                callee: Reference(AstReferenceExpr(
                  span: Span(
                    low: 1063,
                    high: 1070,
                  ),
                  name: AstIdentifier(
                    name: "i32_sub",
                    span: Span(
                      low: 1063,
                      high: 1070,
                    ),
                  ),
                )),
                arguments: [
                  Reference(AstReferenceExpr(
                    span: Span(
                      low: 1071,
                      high: 1072,
                    ),
                    name: AstIdentifier(
                      name: "a",
                      span: Span(
                        low: 1071,
                        high: 1072,
                      ),
                    ),
                  )),
                  Reference(AstReferenceExpr(
                    span: Span(
                      low: 1074,
                      high: 1075,
                    ),
                    name: AstIdentifier(
                      name: "b",
                      span: Span(
                        low: 1074,
                        high: 1075,
                      ),
                    ),
                  )),
                ],
                type_arguments: [],
              ))),
            )),
          ],
        ),
      ],
    )),
    Instance(AstInstanceItem(
      span: Span(
        low: 1085,
        high: 1180,
      ),
      name: AstIdentifier(
        name: "Mul",
        span: Span(
          low: 1094,
          high: 1097,
        ),
      ),
      instantiation_type_parameters: [
        Integer32(AstInteger32Type(
          span: Span(
            low: 1098,
            high: 1101,
          ),
        )),
        Integer32(AstInteger32Type(
          span: Span(
            low: 1103,
            high: 1106,
          ),
        )),
        Integer32(AstInteger32Type(
          span: Span(
            low: 1108,
            high: 1111,
          ),
        )),
      ],
      members: [
        AstFunctionItem(
          span: Span(
            low: 1117,
            high: 1178,
          ),
          name: AstIdentifier(
            name: "mul",
            span: Span(
              low: 1120,
              high: 1123,
            ),
          ),
          parameters: [
            AstFunctionParameterItem(
              span: Span(
                low: 1124,
                high: 1130,
              ),
              name: AstIdentifier(
                name: "a",
                span: Span(
                  low: 1124,
                  high: 1125,
                ),
              ),
              ty: Integer32(AstInteger32Type(
                span: Span(
                  low: 1127,
                  high: 1130,
                ),
              )),
            ),
            AstFunctionParameterItem(
              span: Span(
                low: 1132,
                high: 1138,
              ),
              name: AstIdentifier(
                name: "b",
                span: Span(
                  low: 1132,
                  high: 1133,
                ),
              ),
              ty: Integer32(AstInteger32Type(
                span: Span(
                  low: 1135,
                  high: 1138,
                ),
              )),
            ),
          ],
          type_parameters: [],
          return_type: Some(Integer32(AstInteger32Type(
            span: Span(
              low: 1143,
              high: 1146,
            ),
          ))),
          body: [
            Return(AstReturnStmt(
              span: Span(
                low: 1153,
                high: 1174,
              ),
              value: Some(Call(AstCallExpr(
                span: Span(
                  low: 1160,
                  high: 1173,
                ),
                callee: Reference(AstReferenceExpr(
                  span: Span(
                    low: 1160,
                    high: 1167,
                  ),
                  name: AstIdentifier(
                    name: "i32_mul",
                    span: Span(
                      low: 1160,
                      high: 1167,
                    ),
                  ),
                )),
                arguments: [
                  Reference(AstReferenceExpr(
                    span: Span(
                      low: 1168,
                      high: 1169,
                    ),
                    name: AstIdentifier(
                      name: "a",
                      span: Span(
                        low: 1168,
                        high: 1169,
                      ),
                    ),
                  )),
                  Reference(AstReferenceExpr(
                    span: Span(
                      low: 1171,
                      high: 1172,
                    ),
                    name: AstIdentifier(
                      name: "b",
                      span: Span(
                        low: 1171,
                        high: 1172,
                      ),
                    ),
                  )),
                ],
                type_arguments: [],
              ))),
            )),
          ],
        ),
      ],
    )),
    Instance(AstInstanceItem(
      span: Span(
        low: 1182,
        high: 1277,
      ),
      name: AstIdentifier(
        name: "Div",
        span: Span(
          low: 1191,
          high: 1194,
        ),
      ),
      instantiation_type_parameters: [
        Integer32(AstInteger32Type(
          span: Span(
            low: 1195,
            high: 1198,
          ),
        )),
        Integer32(AstInteger32Type(
          span: Span(
            low: 1200,
            high: 1203,
          ),
        )),
        Integer32(AstInteger32Type(
          span: Span(
            low: 1205,
            high: 1208,
          ),
        )),
      ],
      members: [
        AstFunctionItem(
          span: Span(
            low: 1214,
            high: 1275,
          ),
          name: AstIdentifier(
            name: "div",
            span: Span(
              low: 1217,
              high: 1220,
            ),
          ),
          parameters: [
            AstFunctionParameterItem(
              span: Span(
                low: 1221,
                high: 1227,
              ),
              name: AstIdentifier(
                name: "a",
                span: Span(
                  low: 1221,
                  high: 1222,
                ),
              ),
              ty: Integer32(AstInteger32Type(
                span: Span(
                  low: 1224,
                  high: 1227,
                ),
              )),
            ),
            AstFunctionParameterItem(
              span: Span(
                low: 1229,
                high: 1235,
              ),
              name: AstIdentifier(
                name: "b",
                span: Span(
                  low: 1229,
                  high: 1230,
                ),
              ),
              ty: Integer32(AstInteger32Type(
                span: Span(
                  low: 1232,
                  high: 1235,
                ),
              )),
            ),
          ],
          type_parameters: [],
          return_type: Some(Integer32(AstInteger32Type(
            span: Span(
              low: 1240,
              high: 1243,
            ),
          ))),
          body: [
            Return(AstReturnStmt(
              span: Span(
                low: 1250,
                high: 1271,
              ),
              value: Some(Call(AstCallExpr(
                span: Span(
                  low: 1257,
                  high: 1270,
                ),
                callee: Reference(AstReferenceExpr(
                  span: Span(
                    low: 1257,
                    high: 1264,
                  ),
                  name: AstIdentifier(
                    name: "i32_div",
                    span: Span(
                      low: 1257,
                      high: 1264,
                    ),
                  ),
                )),
                arguments: [
                  Reference(AstReferenceExpr(
                    span: Span(
                      low: 1265,
                      high: 1266,
                    ),
                    name: AstIdentifier(
                      name: "a",
                      span: Span(
                        low: 1265,
                        high: 1266,
                      ),
                    ),
                  )),
                  Reference(AstReferenceExpr(
                    span: Span(
                      low: 1268,
                      high: 1269,
                    ),
                    name: AstIdentifier(
                      name: "b",
                      span: Span(
                        low: 1268,
                        high: 1269,
                      ),
                    ),
                  )),
                ],
                type_arguments: [],
              ))),
            )),
          ],
        ),
      ],
    )),
    Instance(AstInstanceItem(
      span: Span(
        low: 1279,
        high: 1374,
      ),
      name: AstIdentifier(
        name: "Rem",
        span: Span(
          low: 1288,
          high: 1291,
        ),
      ),
      instantiation_type_parameters: [
        Integer32(AstInteger32Type(
          span: Span(
            low: 1292,
            high: 1295,
          ),
        )),
        Integer32(AstInteger32Type(
          span: Span(
            low: 1297,
            high: 1300,
          ),
        )),
        Integer32(AstInteger32Type(
          span: Span(
            low: 1302,
            high: 1305,
          ),
        )),
      ],
      members: [
        AstFunctionItem(
          span: Span(
            low: 1311,
            high: 1372,
          ),
          name: AstIdentifier(
            name: "rem",
            span: Span(
              low: 1314,
              high: 1317,
            ),
          ),
          parameters: [
            AstFunctionParameterItem(
              span: Span(
                low: 1318,
                high: 1324,
              ),
              name: AstIdentifier(
                name: "a",
                span: Span(
                  low: 1318,
                  high: 1319,
                ),
              ),
              ty: Integer32(AstInteger32Type(
                span: Span(
                  low: 1321,
                  high: 1324,
                ),
              )),
            ),
            AstFunctionParameterItem(
              span: Span(
                low: 1326,
                high: 1332,
              ),
              name: AstIdentifier(
                name: "b",
                span: Span(
                  low: 1326,
                  high: 1327,
                ),
              ),
              ty: Integer32(AstInteger32Type(
                span: Span(
                  low: 1329,
                  high: 1332,
                ),
              )),
            ),
          ],
          type_parameters: [],
          return_type: Some(Integer32(AstInteger32Type(
            span: Span(
              low: 1337,
              high: 1340,
            ),
          ))),
          body: [
            Return(AstReturnStmt(
              span: Span(
                low: 1347,
                high: 1368,
              ),
              value: Some(Call(AstCallExpr(
                span: Span(
                  low: 1354,
                  high: 1367,
                ),
                callee: Reference(AstReferenceExpr(
                  span: Span(
                    low: 1354,
                    high: 1361,
                  ),
                  name: AstIdentifier(
                    name: "i32_rem",
                    span: Span(
                      low: 1354,
                      high: 1361,
                    ),
                  ),
                )),
                arguments: [
                  Reference(AstReferenceExpr(
                    span: Span(
                      low: 1362,
                      high: 1363,
                    ),
                    name: AstIdentifier(
                      name: "a",
                      span: Span(
                        low: 1362,
                        high: 1363,
                      ),
                    ),
                  )),
                  Reference(AstReferenceExpr(
                    span: Span(
                      low: 1365,
                      high: 1366,
                    ),
                    name: AstIdentifier(
                      name: "b",
                      span: Span(
                        low: 1365,
                        high: 1366,
                      ),
                    ),
                  )),
                ],
                type_arguments: [],
              ))),
            )),
          ],
        ),
      ],
    )),
    Instance(AstInstanceItem(
      span: Span(
        low: 1376,
        high: 1529,
      ),
      name: AstIdentifier(
        name: "Eq",
        span: Span(
          low: 1385,
          high: 1387,
        ),
      ),
      instantiation_type_parameters: [
        Integer32(AstInteger32Type(
          span: Span(
            low: 1388,
            high: 1391,
          ),
        )),
        Integer32(AstInteger32Type(
          span: Span(
            low: 1393,
            high: 1396,
          ),
        )),
      ],
      members: [
        AstFunctionItem(
          span: Span(
            low: 1402,
            high: 1462,
          ),
          name: AstIdentifier(
            name: "eq",
            span: Span(
              low: 1405,
              high: 1407,
            ),
          ),
          parameters: [
            AstFunctionParameterItem(
              span: Span(
                low: 1408,
                high: 1414,
              ),
              name: AstIdentifier(
                name: "a",
                span: Span(
                  low: 1408,
                  high: 1409,
                ),
              ),
              ty: Integer32(AstInteger32Type(
                span: Span(
                  low: 1411,
                  high: 1414,
                ),
              )),
            ),
            AstFunctionParameterItem(
              span: Span(
                low: 1416,
                high: 1422,
              ),
              name: AstIdentifier(
                name: "b",
                span: Span(
                  low: 1416,
                  high: 1417,
                ),
              ),
              ty: Integer32(AstInteger32Type(
                span: Span(
                  low: 1419,
                  high: 1422,
                ),
              )),
            ),
          ],
          type_parameters: [],
          return_type: Some(Boolean(AstBooleanType(
            span: Span(
              low: 1427,
              high: 1431,
            ),
          ))),
          body: [
            Return(AstReturnStmt(
              span: Span(
                low: 1438,
                high: 1458,
              ),
              value: Some(Call(AstCallExpr(
                span: Span(
                  low: 1445,
                  high: 1457,
                ),
                callee: Reference(AstReferenceExpr(
                  span: Span(
                    low: 1445,
                    high: 1451,
                  ),
                  name: AstIdentifier(
                    name: "i32_eq",
                    span: Span(
                      low: 1445,
                      high: 1451,
                    ),
                  ),
                )),
                arguments: [
                  Reference(AstReferenceExpr(
                    span: Span(
                      low: 1452,
                      high: 1453,
                    ),
                    name: AstIdentifier(
                      name: "a",
                      span: Span(
                        low: 1452,
                        high: 1453,
                      ),
                    ),
                  )),
                  Reference(AstReferenceExpr(
                    span: Span(
                      low: 1455,
                      high: 1456,
                    ),
                    name: AstIdentifier(
                      name: "b",
                      span: Span(
                        low: 1455,
                        high: 1456,
                      ),
                    ),
                  )),
                ],
                type_arguments: [],
              ))),
            )),
          ],
        ),
        AstFunctionItem(
          span: Span(
            low: 1465,
            high: 1527,
          ),
          name: AstIdentifier(
            name: "neq",
            span: Span(
              low: 1468,
              high: 1471,
            ),
          ),
          parameters: [
            AstFunctionParameterItem(
              span: Span(
                low: 1472,
                high: 1478,
              ),
              name: AstIdentifier(
                name: "a",
                span: Span(
                  low: 1472,
                  high: 1473,
                ),
              ),
              ty: Integer32(AstInteger32Type(
                span: Span(
                  low: 1475,
                  high: 1478,
                ),
              )),
            ),
            AstFunctionParameterItem(
              span: Span(
                low: 1480,
                high: 1486,
              ),
              name: AstIdentifier(
                name: "b",
                span: Span(
                  low: 1480,
                  high: 1481,
                ),
              ),
              ty: Integer32(AstInteger32Type(
                span: Span(
                  low: 1483,
                  high: 1486,
                ),
              )),
            ),
          ],
          type_parameters: [],
          return_type: Some(Boolean(AstBooleanType(
            span: Span(
              low: 1491,
              high: 1495,
            ),
          ))),
          body: [
            Return(AstReturnStmt(
              span: Span(
                low: 1502,
                high: 1523,
              ),
              value: Some(Call(AstCallExpr(
                span: Span(
                  low: 1509,
                  high: 1522,
                ),
                callee: Reference(AstReferenceExpr(
                  span: Span(
                    low: 1509,
                    high: 1516,
                  ),
                  name: AstIdentifier(
                    name: "i32_neq",
                    span: Span(
                      low: 1509,
                      high: 1516,
                    ),
                  ),
                )),
                arguments: [
                  Reference(AstReferenceExpr(
                    span: Span(
                      low: 1517,
                      high: 1518,
                    ),
                    name: AstIdentifier(
                      name: "a",
                      span: Span(
                        low: 1517,
                        high: 1518,
                      ),
                    ),
                  )),
                  Reference(AstReferenceExpr(
                    span: Span(
                      low: 1520,
                      high: 1521,
                    ),
                    name: AstIdentifier(
                      name: "b",
                      span: Span(
                        low: 1520,
                        high: 1521,
                      ),
                    ),
                  )),
                ],
                type_arguments: [],
              ))),
            )),
          ],
        ),
      ],
    )),
  ],
)
