---
source: compiler/hachi-syntax/tests/parser_tests.rs
expression: translation_unit
input_file: compiler/hachi-syntax/tests/data/fma.test
snapshot_kind: text
---
AstTranslationUnit(
  span: Span(
    low: 0,
    high: 0,
  ),
  items: [
    Type(AstTypeItem(
      span: Span(
        low: 0,
        high: 29,
      ),
      name: AstIdentifier(
        name: "vec512",
        span: Span(
          low: 5,
          high: 11,
        ),
      ),
      members: [
        AstTypeMemberItem(
          span: Span(
            low: 18,
            high: 27,
          ),
          name: AstIdentifier(
            name: "vs",
            span: Span(
              low: 18,
              high: 20,
            ),
          ),
          type: Pointer(AstPointerType(
            span: Span(
              low: 22,
              high: 26,
            ),
            inner: Integer32(AstInteger32Type(
              span: Span(
                low: 23,
                high: 26,
              ),
            )),
          )),
        ),
      ],
    )),
    Function(AstFunctionItem(
      span: Span(
        low: 31,
        high: 254,
      ),
      name: AstIdentifier(
        name: "vec512_fma",
        span: Span(
          low: 34,
          high: 44,
        ),
      ),
      parameters: [
        AstFunctionParameterItem(
          span: Span(
            low: 45,
            high: 54,
          ),
          name: AstIdentifier(
            name: "x",
            span: Span(
              low: 45,
              high: 46,
            ),
          ),
          type: Named(AstNamedType(
            span: Span(
              low: 48,
              high: 54,
            ),
            name: AstIdentifier(
              name: "vec512",
              span: Span(
                low: 48,
                high: 54,
              ),
            ),
          )),
        ),
        AstFunctionParameterItem(
          span: Span(
            low: 56,
            high: 65,
          ),
          name: AstIdentifier(
            name: "y",
            span: Span(
              low: 56,
              high: 57,
            ),
          ),
          type: Named(AstNamedType(
            span: Span(
              low: 59,
              high: 65,
            ),
            name: AstIdentifier(
              name: "vec512",
              span: Span(
                low: 59,
                high: 65,
              ),
            ),
          )),
        ),
        AstFunctionParameterItem(
          span: Span(
            low: 67,
            high: 78,
          ),
          name: AstIdentifier(
            name: "acc",
            span: Span(
              low: 67,
              high: 70,
            ),
          ),
          type: Named(AstNamedType(
            span: Span(
              low: 72,
              high: 78,
            ),
            name: AstIdentifier(
              name: "vec512",
              span: Span(
                low: 72,
                high: 78,
              ),
            ),
          )),
        ),
      ],
      type_parameters: [],
      return_type: Some(Named(AstNamedType(
        span: Span(
          low: 83,
          high: 89,
        ),
        name: AstIdentifier(
          name: "vec512",
          span: Span(
            low: 83,
            high: 89,
          ),
        ),
      ))),
      body: [
        Let(AstLetStmt(
          span: Span(
            low: 94,
            high: 145,
          ),
          name: AstIdentifier(
            name: "vs",
            span: Span(
              low: 98,
              high: 100,
            ),
          ),
          type: None,
          value: Construct(AstConstructExpr(
            span: Span(
              low: 103,
              high: 144,
            ),
            callee: Named(AstNamedType(
              span: Span(
                low: 107,
                high: 113,
              ),
              name: AstIdentifier(
                name: "vec512",
                span: Span(
                  low: 107,
                  high: 113,
                ),
              ),
            )),
            arguments: [
              AstConstructorExprArgument(
                span: Span(
                  low: 120,
                  high: 139,
                ),
                field: AstIdentifier(
                  name: "vs",
                  span: Span(
                    low: 120,
                    high: 122,
                  ),
                ),
                expr: Call(AstCallExpr(
                  span: Span(
                    low: 124,
                    high: 139,
                  ),
                  callee: Reference(AstReferenceExpr(
                    span: Span(
                      low: 124,
                      high: 130,
                    ),
                    name: AstIdentifier(
                      name: "malloc",
                      span: Span(
                        low: 124,
                        high: 130,
                      ),
                    ),
                  )),
                  arguments: [
                    BinaryOp(AstBinaryOpExpr(
                      span: Span(
                        low: 131,
                        high: 138,
                      ),
                      lhs: IntegerLiteral(AstIntegerLiteralExpr(
                        span: Span(
                          low: 131,
                          high: 134,
                        ),
                        value: 512,
                      )),
                      rhs: IntegerLiteral(AstIntegerLiteralExpr(
                        span: Span(
                          low: 137,
                          high: 138,
                        ),
                        value: 4,
                      )),
                      op: Div,
                    )),
                  ],
                  type_arguments: [],
                )),
              ),
            ],
          )),
        )),
        For(AstForStmt(
          span: Span(
            low: 148,
            high: 239,
          ),
          initializer: Some(AstForStmtInitializer(
            span: Span(
              low: 153,
              high: 162,
            ),
            name: AstIdentifier(
              name: "i",
              span: Span(
                low: 157,
                high: 158,
              ),
            ),
            initializer: IntegerLiteral(AstIntegerLiteralExpr(
              span: Span(
                low: 161,
                high: 162,
              ),
              value: 0,
            )),
          )),
          condition: Some(BinaryOp(AstBinaryOpExpr(
            span: Span(
              low: 164,
              high: 175,
            ),
            lhs: Reference(AstReferenceExpr(
              span: Span(
                low: 164,
                high: 165,
              ),
              name: AstIdentifier(
                name: "i",
                span: Span(
                  low: 164,
                  high: 165,
                ),
              ),
            )),
            rhs: BinaryOp(AstBinaryOpExpr(
              span: Span(
                low: 168,
                high: 175,
              ),
              lhs: IntegerLiteral(AstIntegerLiteralExpr(
                span: Span(
                  low: 168,
                  high: 171,
                ),
                value: 512,
              )),
              rhs: IntegerLiteral(AstIntegerLiteralExpr(
                span: Span(
                  low: 174,
                  high: 175,
                ),
                value: 4,
              )),
              op: Div,
            )),
            op: Lt,
          ))),
          increment: Some(Assign(AstAssignExpr(
            span: Span(
              low: 177,
              high: 186,
            ),
            lhs: Reference(AstReferenceExpr(
              span: Span(
                low: 177,
                high: 178,
              ),
              name: AstIdentifier(
                name: "i",
                span: Span(
                  low: 177,
                  high: 178,
                ),
              ),
            )),
            rhs: BinaryOp(AstBinaryOpExpr(
              span: Span(
                low: 181,
                high: 186,
              ),
              lhs: Reference(AstReferenceExpr(
                span: Span(
                  low: 181,
                  high: 182,
                ),
                name: AstIdentifier(
                  name: "i",
                  span: Span(
                    low: 181,
                    high: 182,
                  ),
                ),
              )),
              rhs: IntegerLiteral(AstIntegerLiteralExpr(
                span: Span(
                  low: 185,
                  high: 186,
                ),
                value: 1,
              )),
              op: Add,
            )),
          ))),
          body: [
            Expr(AstExprStmt(
              span: Span(
                low: 194,
                high: 235,
              ),
              expr: Assign(AstAssignExpr(
                span: Span(
                  low: 194,
                  high: 234,
                ),
                lhs: BracketIndex(AstBracketIndexExpr(
                  span: Span(
                    low: 194,
                    high: 202,
                  ),
                  origin: DotIndex(AstDotIndexExpr(
                    span: Span(
                      low: 194,
                      high: 199,
                    ),
                    origin: Reference(AstReferenceExpr(
                      span: Span(
                        low: 194,
                        high: 196,
                      ),
                      name: AstIdentifier(
                        name: "vs",
                        span: Span(
                          low: 194,
                          high: 196,
                        ),
                      ),
                    )),
                    index: AstIdentifier(
                      name: "vs",
                      span: Span(
                        low: 197,
                        high: 199,
                      ),
                    ),
                  )),
                  index: Reference(AstReferenceExpr(
                    span: Span(
                      low: 200,
                      high: 201,
                    ),
                    name: AstIdentifier(
                      name: "i",
                      span: Span(
                        low: 200,
                        high: 201,
                      ),
                    ),
                  )),
                )),
                rhs: BinaryOp(AstBinaryOpExpr(
                  span: Span(
                    low: 205,
                    high: 234,
                  ),
                  lhs: BinaryOp(AstBinaryOpExpr(
                    span: Span(
                      low: 205,
                      high: 222,
                    ),
                    lhs: BracketIndex(AstBracketIndexExpr(
                      span: Span(
                        low: 205,
                        high: 212,
                      ),
                      origin: DotIndex(AstDotIndexExpr(
                        span: Span(
                          low: 205,
                          high: 209,
                        ),
                        origin: Reference(AstReferenceExpr(
                          span: Span(
                            low: 205,
                            high: 206,
                          ),
                          name: AstIdentifier(
                            name: "x",
                            span: Span(
                              low: 205,
                              high: 206,
                            ),
                          ),
                        )),
                        index: AstIdentifier(
                          name: "vs",
                          span: Span(
                            low: 207,
                            high: 209,
                          ),
                        ),
                      )),
                      index: Reference(AstReferenceExpr(
                        span: Span(
                          low: 210,
                          high: 211,
                        ),
                        name: AstIdentifier(
                          name: "i",
                          span: Span(
                            low: 210,
                            high: 211,
                          ),
                        ),
                      )),
                    )),
                    rhs: BracketIndex(AstBracketIndexExpr(
                      span: Span(
                        low: 215,
                        high: 222,
                      ),
                      origin: DotIndex(AstDotIndexExpr(
                        span: Span(
                          low: 215,
                          high: 219,
                        ),
                        origin: Reference(AstReferenceExpr(
                          span: Span(
                            low: 215,
                            high: 216,
                          ),
                          name: AstIdentifier(
                            name: "y",
                            span: Span(
                              low: 215,
                              high: 216,
                            ),
                          ),
                        )),
                        index: AstIdentifier(
                          name: "vs",
                          span: Span(
                            low: 217,
                            high: 219,
                          ),
                        ),
                      )),
                      index: Reference(AstReferenceExpr(
                        span: Span(
                          low: 220,
                          high: 221,
                        ),
                        name: AstIdentifier(
                          name: "i",
                          span: Span(
                            low: 220,
                            high: 221,
                          ),
                        ),
                      )),
                    )),
                    op: Mul,
                  )),
                  rhs: BracketIndex(AstBracketIndexExpr(
                    span: Span(
                      low: 225,
                      high: 234,
                    ),
                    origin: DotIndex(AstDotIndexExpr(
                      span: Span(
                        low: 225,
                        high: 231,
                      ),
                      origin: Reference(AstReferenceExpr(
                        span: Span(
                          low: 225,
                          high: 228,
                        ),
                        name: AstIdentifier(
                          name: "acc",
                          span: Span(
                            low: 225,
                            high: 228,
                          ),
                        ),
                      )),
                      index: AstIdentifier(
                        name: "vs",
                        span: Span(
                          low: 229,
                          high: 231,
                        ),
                      ),
                    )),
                    index: Reference(AstReferenceExpr(
                      span: Span(
                        low: 232,
                        high: 233,
                      ),
                      name: AstIdentifier(
                        name: "i",
                        span: Span(
                          low: 232,
                          high: 233,
                        ),
                      ),
                    )),
                  )),
                  op: Add,
                )),
              )),
            )),
          ],
        )),
        Return(AstReturnStmt(
          span: Span(
            low: 242,
            high: 252,
          ),
          value: Some(Reference(AstReferenceExpr(
            span: Span(
              low: 249,
              high: 251,
            ),
            name: AstIdentifier(
              name: "vs",
              span: Span(
                low: 249,
                high: 251,
              ),
            ),
          ))),
        )),
      ],
    )),
  ],
)
