---
source: compiler/hachi-syntax/tests/parser_tests.rs
expression: translation_unit
input_file: compiler/hachi-syntax/tests/data/intrinsic_declaration.test
snapshot_kind: text
---
TranslationUnit(
  span: Span(
    low: 0,
    high: 0,
  ),
  items: [
    IntrinsicFunction(IntrinsicFunctionItem(
      span: Span(
        low: 0,
        high: 40,
      ),
      name: Identifier(
        name: "malloc",
        span: Span(
          low: 13,
          high: 19,
        ),
      ),
      parameters: [
        FunctionParameterItem(
          span: Span(
            low: 23,
            high: 32,
          ),
          name: Identifier(
            name: "size",
            span: Span(
              low: 23,
              high: 27,
            ),
          ),
          type: Integer32(Integer32Type(
            span: Span(
              low: 29,
              high: 32,
            ),
          )),
        ),
      ],
      type_parameters: [
        FunctionTypeParameterItem(
          span: Span(
            low: 20,
            high: 21,
          ),
          name: Identifier(
            name: "T",
            span: Span(
              low: 20,
              high: 21,
            ),
          ),
        ),
      ],
      return_type: Pointer(PointerType(
        span: Span(
          low: 37,
          high: 39,
        ),
        inner: Named(NamedType(
          span: Span(
            low: 38,
            high: 39,
          ),
          name: Identifier(
            name: "T",
            span: Span(
              low: 38,
              high: 39,
            ),
          ),
        )),
      )),
    )),
  ],
)
