---
source: compiler/eight-tests/tests/ui_tests.rs
info:
  program: eightc
  args:
    - tests/ui/trait/trait_instance_couldnt_match.test
input_file: compiler/eight-tests/tests/ui/trait/trait_instance_couldnt_match.test
snapshot_kind: text
---
success: false
exit_code: 1
----- stdout -----

----- stderr -----
Error: sema::trait_does_not_exist

  × trait Not does not exist
    ╭─[tests/ui/trait/trait_instance_couldnt_match.test:12:10]
 11 │ fn test(a: bool) -> bool {
 12 │   return -a;
    ·          ┬
    ·          ╰── required trait Not to exist
 13 │ }
    ╰────
