---
source: compiler/eight-hir/tests/inference_tests.rs
expression: doc
snapshot_kind: text
---
hir_module {
  declares {
    // module scalar types
    
    
    // module record types
    
    
    // module functions
    fn id<T>(x: T) -> T;
    fn many_id<T>(x: T) -> T;
    
    // module traits
    
    
    // module instances
  
  }
  
  defining {
    // module functions
    fn id<$1@0>($1@0) -> $1@0 {
      return (x as $1@0);
    }
    fn many_id<$1@0>($1@0) -> $1@0 {
      return ((id as fn(($1@30))->$1@30)::<>(((id as fn(($1@30))->$1@30)::<>(((id as fn(($1@30))->$1@30)::<>(((id as fn(($1@30))->$1@30)::<>(((id as fn(($1@30))->$1@30)::<>(((id as fn(($1@30))->$1@30)::<>(((id as fn(($1@30))->$1@30)::<>(((id as fn(($1@30))->$1@30)::<>(((id as fn(($1@30))->$1@30)::<>(((id as fn(($1@30))->$1@30)::<>((x as $1@30)) as $1@30)) as $1@30)) as $1@30)) as $1@30)) as $1@30)) as $1@30)) as $1@30)) as $1@30)) as $1@30)) as $1@30);
    }
    // module intrinsic functions
    
  
  }
}
