---
source: compiler/eight-hir/tests/inference_tests.rs
expression: doc
snapshot_kind: text
---
hir_module {
  declares {
    // module types
    
    
    // module record types
    
    
    // module functions
    fn id<T>(x: T) -> T;
    fn test() -> unit;
    
    // module traits
    
    
    // module instances
  
  }
  
  defining {
    // module functions
    fn test<>() -> unit {
      let z: bool = ((id as fn((bool))->bool)::<>((true as bool)) as bool);
      let k: i32 = ((id as fn((i32))->i32)::<>((123 as i32)) as i32);
    }
    // module intrinsic functions
    
  
  }
}
