---
source: compiler/eight-hir/tests/lowering_tests.rs
expression: doc
input_file: compiler/eight-hir/tests/data/lowering/for_loop_reduction.test
snapshot_kind: text
---
module {
  // module intrinsic scalar types
  
  
  // module intrinsic functions
  
  
  // module types
  
  
  // module functions
  fn loop_transform() -> unit {
    {
      let i: _ = (0 as _);
      while (((i as _) < (10 as _) as _)) {
        let x: _ = (i as _);
        ((i as _) = ((i as _) + (1 as _) as _) as _);
      }
    }
  }
}
