---
source: compiler/hachi-hir/tests/lowering_tests.rs
expression: doc
input_file: compiler/hachi-hir/tests/data/lowering/for_loop_reduction.test
snapshot_kind: text
---
module {
  // module types
  
  
  // module functions
  fn loop_transform<>() -> unit {
    {
      let i: _ = 0::_;
      while (i::_ < 10::_::_) {
        let x: _ = i::_;
        i::_ = i::_ + 1::_::_::_;
      }
    }
  }
}
